May 09 15:23:22 archlinux kernel: Linux version 6.8.9-hardened1-1-hardened (linux-hardened@archlinux) (gcc (GCC) 13.2.1 20240417, GNU ld (GNU Binutils) 2.42.0) #1 SMP PREEMPT_DYNAMIC Thu, 02 May 2024 21:41:31 +0000
May 09 15:23:22 archlinux kernel: Command line: pti=on page_alloc.shuffle=1 initrd=intel-ucode.img initrd=initramfs-linux-hardened.img BOOT_IMAGE=/vmlinuz-linux-hardened root=UUID=2c91f35a-076b-445b-8635-432d8a2c202e rw rd.luks.name=9f885d4c-2495-4e08-a67f-f61bcb0d381b=cryptroot rd.luks.options=password-echo=no root=/dev/mapper/cryptroot loglevel=3 quiet
May 09 15:23:22 archlinux kernel: BIOS-provided physical RAM map:
May 09 15:23:22 archlinux kernel: BIOS-e820: [mem 0x0000000000000000-0x0000000000000fff] reserved
May 09 15:23:22 archlinux kernel: BIOS-e820: [mem 0x0000000000001000-0x0000000000001fff] usable
May 09 15:23:22 archlinux kernel: BIOS-e820: [mem 0x0000000000002000-0x000000000000bfff] reserved
May 09 15:23:22 archlinux kernel: BIOS-e820: [mem 0x000000000000c000-0x000000000003efff] usable
May 09 15:23:22 archlinux kernel: BIOS-e820: [mem 0x000000000003f000-0x0000000000086fff] reserved
May 09 15:23:22 archlinux kernel: BIOS-e820: [mem 0x0000000000087000-0x0000000000088fff] usable
May 09 15:23:22 archlinux kernel: BIOS-e820: [mem 0x0000000000089000-0x000000000010ffff] reserved
May 09 15:23:22 archlinux kernel: BIOS-e820: [mem 0x0000000000110000-0x0000000046decfff] usable
May 09 15:23:22 archlinux kernel: BIOS-e820: [mem 0x0000000046ded000-0x0000000057f5efff] reserved
May 09 15:23:22 archlinux kernel: BIOS-e820: [mem 0x0000000057f5f000-0x0000000058da0fff] ACPI NVS
May 09 15:23:22 archlinux kernel: BIOS-e820: [mem 0x0000000058da1000-0x0000000058e0efff] ACPI data
May 09 15:23:22 archlinux kernel: BIOS-e820: [mem 0x0000000058e0f000-0x0000000058e0ffff] usable
May 09 15:23:22 archlinux kernel: BIOS-e820: [mem 0x0000000058e10000-0x000000005f7fffff] reserved
May 09 15:23:22 archlinux kernel: BIOS-e820: [mem 0x00000000fe010000-0x00000000fe010fff] reserved
May 09 15:23:22 archlinux kernel: BIOS-e820: [mem 0x0000000100000000-0x000000089e7fffff] usable
May 09 15:23:22 archlinux kernel: NX (Execute Disable) protection: active
May 09 15:23:22 archlinux kernel: APIC: Static calls initialized
May 09 15:23:22 archlinux kernel: e820: update [mem 0x3e44a018-0x3e473657] usable ==> usable
May 09 15:23:22 archlinux kernel: e820: update [mem 0x3e44a018-0x3e473657] usable ==> usable
May 09 15:23:22 archlinux kernel: e820: update [mem 0x3f027018-0x3f037057] usable ==> usable
May 09 15:23:22 archlinux kernel: e820: update [mem 0x3f027018-0x3f037057] usable ==> usable
May 09 15:23:22 archlinux kernel: extended physical RAM map:
May 09 15:23:22 archlinux kernel: reserve setup_data: [mem 0x0000000000000000-0x0000000000000fff] reserved
May 09 15:23:22 archlinux kernel: reserve setup_data: [mem 0x0000000000001000-0x0000000000001fff] usable
May 09 15:23:22 archlinux kernel: reserve setup_data: [mem 0x0000000000002000-0x000000000000bfff] reserved
May 09 15:23:22 archlinux kernel: reserve setup_data: [mem 0x000000000000c000-0x000000000003efff] usable
May 09 15:23:22 archlinux kernel: reserve setup_data: [mem 0x000000000003f000-0x0000000000086fff] reserved
May 09 15:23:22 archlinux kernel: reserve setup_data: [mem 0x0000000000087000-0x0000000000088fff] usable
May 09 15:23:22 archlinux kernel: reserve setup_data: [mem 0x0000000000089000-0x000000000010ffff] reserved
May 09 15:23:22 archlinux kernel: reserve setup_data: [mem 0x0000000000110000-0x000000003e44a017] usable
May 09 15:23:22 archlinux kernel: reserve setup_data: [mem 0x000000003e44a018-0x000000003e473657] usable
May 09 15:23:22 archlinux kernel: reserve setup_data: [mem 0x000000003e473658-0x000000003f027017] usable
May 09 15:23:22 archlinux kernel: reserve setup_data: [mem 0x000000003f027018-0x000000003f037057] usable
May 09 15:23:22 archlinux kernel: reserve setup_data: [mem 0x000000003f037058-0x0000000046decfff] usable
May 09 15:23:22 archlinux kernel: reserve setup_data: [mem 0x0000000046ded000-0x0000000057f5efff] reserved
May 09 15:23:22 archlinux kernel: reserve setup_data: [mem 0x0000000057f5f000-0x0000000058da0fff] ACPI NVS
May 09 15:23:22 archlinux kernel: reserve setup_data: [mem 0x0000000058da1000-0x0000000058e0efff] ACPI data
May 09 15:23:22 archlinux kernel: reserve setup_data: [mem 0x0000000058e0f000-0x0000000058e0ffff] usable
May 09 15:23:22 archlinux kernel: reserve setup_data: [mem 0x0000000058e10000-0x000000005f7fffff] reserved
May 09 15:23:22 archlinux kernel: reserve setup_data: [mem 0x00000000fe010000-0x00000000fe010fff] reserved
May 09 15:23:22 archlinux kernel: reserve setup_data: [mem 0x0000000100000000-0x000000089e7fffff] usable
May 09 15:23:22 archlinux kernel: efi: EFI v2.6 by Lenovo
May 09 15:23:22 archlinux kernel: efi: TPMFinalLog=0x58d99000 SMBIOS=0x49ec0000 SMBIOS 3.0=0x49eb3000 ACPI=0x58e0e000 ACPI 2.0=0x58e0e014 MEMATTR=0x43806018 ESRT=0x49659000 INITRD=0x3f09cb18 RNG=0x58e0d018 TPMEventLog=0x3f038018 
May 09 15:23:22 archlinux kernel: random: crng init done
May 09 15:23:22 archlinux kernel: efi: Not removing mem65: MMIO range=[0xfe010000-0xfe010fff] (4KB) from e820 map
May 09 15:23:22 archlinux kernel: SMBIOS 3.1.1 present.
May 09 15:23:22 archlinux kernel: DMI: LENOVO 20MFCTO1WW/20MFCTO1WW, BIOS N2EET62W (1.44 ) 09/14/2023
May 09 15:23:22 archlinux kernel: tsc: Detected 2200.000 MHz processor
May 09 15:23:22 archlinux kernel: tsc: Detected 2199.996 MHz TSC
May 09 15:23:22 archlinux kernel: e820: update [mem 0x00000000-0x00000fff] usable ==> reserved
May 09 15:23:22 archlinux kernel: e820: remove [mem 0x000a0000-0x000fffff] usable
May 09 15:23:22 archlinux kernel: last_pfn = 0x89e800 max_arch_pfn = 0x400000000
May 09 15:23:22 archlinux kernel: MTRR map: 7 entries (5 fixed + 2 variable; max 25), built from 10 variable MTRRs
May 09 15:23:22 archlinux kernel: x86/PAT: Configuration [0-7]: WB  WC  UC- UC  WB  WP  UC- WT  
May 09 15:23:22 archlinux kernel: last_pfn = 0x58e10 max_arch_pfn = 0x400000000
May 09 15:23:22 archlinux kernel: esrt: Reserving ESRT space from 0x0000000049659000 to 0x00000000496590b0.
May 09 15:23:22 archlinux kernel: Using GB pages for direct mapping
May 09 15:23:22 archlinux kernel: Secure boot disabled
May 09 15:23:22 archlinux kernel: RAMDISK: [mem 0x39109000-0x3d629fff]
May 09 15:23:22 archlinux kernel: ACPI: Early table checksum verification disabled
May 09 15:23:22 archlinux kernel: ACPI: RSDP 0x0000000058E0E014 000024 (v02 LENOVO)
May 09 15:23:22 archlinux kernel: ACPI: XSDT 0x0000000058E0C188 00011C (v01 LENOVO TP-N2E   00001440 PTEC 00000002)
May 09 15:23:22 archlinux kernel: ACPI: FACP 0x000000004987F000 000114 (v06 LENOVO TP-N2E   00001440 PTEC 00000002)
May 09 15:23:22 archlinux kernel: ACPI: DSDT 0x0000000049844000 03657B (v02 LENOVO CFL      20170001 INTL 20160422)
May 09 15:23:22 archlinux kernel: ACPI: FACS 0x0000000058BD9000 000040
May 09 15:23:22 archlinux kernel: ACPI: SSDT 0x0000000049DC5000 0017DF (v02 LENOVO CpuSsdt  00003000 INTL 20160527)
May 09 15:23:22 archlinux kernel: ACPI: SSDT 0x0000000049DC4000 00056D (v02 LENOVO CtdpB    00001000 INTL 20160527)
May 09 15:23:22 archlinux kernel: ACPI: SSDT 0x0000000049D89000 005120 (v02 LENOVO DptfTabl 00001000 INTL 20160527)
May 09 15:23:22 archlinux kernel: ACPI: SSDT 0x0000000049888000 003189 (v02 LENOVO SaSsdt   00003000 INTL 20160527)
May 09 15:23:22 archlinux kernel: ACPI: SSDT 0x0000000049885000 002CBF (v02 LENOVO PegSsdt  00001000 INTL 20160527)
May 09 15:23:22 archlinux kernel: ACPI: SSDT 0x0000000049884000 000612 (v02 LENOVO Tpm2Tabl 00001000 INTL 20160527)
May 09 15:23:22 archlinux kernel: ACPI: TPM2 0x0000000049883000 000034 (v04 LENOVO TP-N2E   00001440 PTEC 00000002)
May 09 15:23:22 archlinux kernel: ACPI: UEFI 0x0000000058BFA000 000042 (v01 LENOVO TP-N2E   00001440 PTEC 00000002)
May 09 15:23:22 archlinux kernel: ACPI: SSDT 0x0000000049880000 000530 (v02 LENOVO PerfTune 00001000 INTL 20160527)
May 09 15:23:22 archlinux kernel: ACPI: HPET 0x000000004987E000 000038 (v01 LENOVO TP-N2E   00001440 PTEC 00000002)
May 09 15:23:22 archlinux kernel: ACPI: APIC 0x000000004987D000 00012C (v03 LENOVO TP-N2E   00001440 PTEC 00000002)
May 09 15:23:22 archlinux kernel: ACPI: MCFG 0x000000004987C000 00003C (v01 LENOVO TP-N2E   00001440 PTEC 00000002)
May 09 15:23:22 archlinux kernel: ACPI: ECDT 0x000000004987B000 000053 (v01 LENOVO TP-N2E   00001440 PTEC 00000002)
May 09 15:23:22 archlinux kernel: ACPI: SSDT 0x0000000049842000 0011E3 (v02 LENOVO CflH_Tbt 00001000 INTL 20160527)
May 09 15:23:22 archlinux kernel: ACPI: SSDT 0x0000000049840000 001B27 (v02 LENOVO ProjSsdt 00000010 INTL 20160527)
May 09 15:23:22 archlinux kernel: ACPI: BOOT 0x000000004983F000 000028 (v01 LENOVO TP-N2E   00001440 PTEC 00000002)
May 09 15:23:22 archlinux kernel: ACPI: SLIC 0x000000004983E000 000176 (v01 LENOVO TP-N2E   00001440 PTEC 00000002)
May 09 15:23:22 archlinux kernel: ACPI: SSDT 0x000000004983D000 000FA2 (v02 LENOVO UsbCTabl 00001000 INTL 20160527)
May 09 15:23:22 archlinux kernel: ACPI: LPIT 0x000000004983C000 00005C (v01 LENOVO TP-N2E   00001440 PTEC 00000002)
May 09 15:23:22 archlinux kernel: ACPI: WSMT 0x000000004983B000 000028 (v01 LENOVO TP-N2E   00001440 PTEC 00000002)
May 09 15:23:22 archlinux kernel: ACPI: SSDT 0x0000000049839000 0015B7 (v02 LENOVO TbtTypeC 00000000 INTL 20160527)
May 09 15:23:22 archlinux kernel: ACPI: DBGP 0x0000000049838000 000034 (v01 LENOVO TP-N2E   00001440 PTEC 00000002)
May 09 15:23:22 archlinux kernel: ACPI: DBG2 0x0000000049837000 000054 (v00 LENOVO TP-N2E   00001440 PTEC 00000002)
May 09 15:23:22 archlinux kernel: ACPI: MSDM 0x0000000049836000 000055 (v03 LENOVO TP-N2E   00001440 PTEC 00000002)
May 09 15:23:22 archlinux kernel: ACPI: BATB 0x0000000049658000 00004A (v02 LENOVO TP-N2E   00001440 PTEC 00000002)
May 09 15:23:22 archlinux kernel: ACPI: NHLT 0x0000000047855000 00002D (v00 LENOVO TP-N2E   00001440 PTEC 00000002)
May 09 15:23:22 archlinux kernel: ACPI: SSDT 0x0000000047854000 0000AE (v02 LENOVO SgPeg    00001000 INTL 20160527)
May 09 15:23:22 archlinux kernel: ACPI: FPDT 0x0000000047853000 000034 (v01 LENOVO TP-N2E   00001440 PTEC 00000002)
May 09 15:23:22 archlinux kernel: ACPI: UEFI 0x0000000058BD6000 00012A (v01 LENOVO TP-N2E   00001440 PTEC 00000002)
May 09 15:23:22 archlinux kernel: ACPI: SSDT 0x0000000047851000 001B19 (v01 LENOVO NvOptTbl 00001000 INTL 20160527)
May 09 15:23:22 archlinux kernel: ACPI: Reserving FACP table memory at [mem 0x4987f000-0x4987f113]
May 09 15:23:22 archlinux kernel: ACPI: Reserving DSDT table memory at [mem 0x49844000-0x4987a57a]
May 09 15:23:22 archlinux kernel: ACPI: Reserving FACS table memory at [mem 0x58bd9000-0x58bd903f]
May 09 15:23:22 archlinux kernel: ACPI: Reserving SSDT table memory at [mem 0x49dc5000-0x49dc67de]
May 09 15:23:22 archlinux kernel: ACPI: Reserving SSDT table memory at [mem 0x49dc4000-0x49dc456c]
May 09 15:23:22 archlinux kernel: ACPI: Reserving SSDT table memory at [mem 0x49d89000-0x49d8e11f]
May 09 15:23:22 archlinux kernel: ACPI: Reserving SSDT table memory at [mem 0x49888000-0x4988b188]
May 09 15:23:22 archlinux kernel: ACPI: Reserving SSDT table memory at [mem 0x49885000-0x49887cbe]
May 09 15:23:22 archlinux kernel: ACPI: Reserving SSDT table memory at [mem 0x49884000-0x49884611]
May 09 15:23:22 archlinux kernel: ACPI: Reserving TPM2 table memory at [mem 0x49883000-0x49883033]
May 09 15:23:22 archlinux kernel: ACPI: Reserving UEFI table memory at [mem 0x58bfa000-0x58bfa041]
May 09 15:23:22 archlinux kernel: ACPI: Reserving SSDT table memory at [mem 0x49880000-0x4988052f]
May 09 15:23:22 archlinux kernel: ACPI: Reserving HPET table memory at [mem 0x4987e000-0x4987e037]
May 09 15:23:22 archlinux kernel: ACPI: Reserving APIC table memory at [mem 0x4987d000-0x4987d12b]
May 09 15:23:22 archlinux kernel: ACPI: Reserving MCFG table memory at [mem 0x4987c000-0x4987c03b]
May 09 15:23:22 archlinux kernel: ACPI: Reserving ECDT table memory at [mem 0x4987b000-0x4987b052]
May 09 15:23:22 archlinux kernel: ACPI: Reserving SSDT table memory at [mem 0x49842000-0x498431e2]
May 09 15:23:22 archlinux kernel: ACPI: Reserving SSDT table memory at [mem 0x49840000-0x49841b26]
May 09 15:23:22 archlinux kernel: ACPI: Reserving BOOT table memory at [mem 0x4983f000-0x4983f027]
May 09 15:23:22 archlinux kernel: ACPI: Reserving SLIC table memory at [mem 0x4983e000-0x4983e175]
May 09 15:23:22 archlinux kernel: ACPI: Reserving SSDT table memory at [mem 0x4983d000-0x4983dfa1]
May 09 15:23:22 archlinux kernel: ACPI: Reserving LPIT table memory at [mem 0x4983c000-0x4983c05b]
May 09 15:23:22 archlinux kernel: ACPI: Reserving WSMT table memory at [mem 0x4983b000-0x4983b027]
May 09 15:23:22 archlinux kernel: ACPI: Reserving SSDT table memory at [mem 0x49839000-0x4983a5b6]
May 09 15:23:22 archlinux kernel: ACPI: Reserving DBGP table memory at [mem 0x49838000-0x49838033]
May 09 15:23:22 archlinux kernel: ACPI: Reserving DBG2 table memory at [mem 0x49837000-0x49837053]
May 09 15:23:22 archlinux kernel: ACPI: Reserving MSDM table memory at [mem 0x49836000-0x49836054]
May 09 15:23:22 archlinux kernel: ACPI: Reserving BATB table memory at [mem 0x49658000-0x49658049]
May 09 15:23:22 archlinux kernel: ACPI: Reserving NHLT table memory at [mem 0x47855000-0x4785502c]
May 09 15:23:22 archlinux kernel: ACPI: Reserving SSDT table memory at [mem 0x47854000-0x478540ad]
May 09 15:23:22 archlinux kernel: ACPI: Reserving FPDT table memory at [mem 0x47853000-0x47853033]
May 09 15:23:22 archlinux kernel: ACPI: Reserving UEFI table memory at [mem 0x58bd6000-0x58bd6129]
May 09 15:23:22 archlinux kernel: ACPI: Reserving SSDT table memory at [mem 0x47851000-0x47852b18]
May 09 15:23:22 archlinux kernel: No NUMA configuration found
May 09 15:23:22 archlinux kernel: Faking a node at [mem 0x0000000000000000-0x000000089e7fffff]
May 09 15:23:22 archlinux kernel: NODE_DATA(0) allocated [mem 0x89e7fb000-0x89e7fffff]
May 09 15:23:22 archlinux kernel: Zone ranges:
May 09 15:23:22 archlinux kernel:   DMA      [mem 0x0000000000001000-0x0000000000ffffff]
May 09 15:23:22 archlinux kernel:   DMA32    [mem 0x0000000001000000-0x00000000ffffffff]
May 09 15:23:22 archlinux kernel:   Normal   [mem 0x0000000100000000-0x000000089e7fffff]
May 09 15:23:22 archlinux kernel:   Device   empty
May 09 15:23:22 archlinux kernel: Movable zone start for each node
May 09 15:23:22 archlinux kernel: Early memory node ranges
May 09 15:23:22 archlinux kernel:   node   0: [mem 0x0000000000001000-0x0000000000001fff]
May 09 15:23:22 archlinux kernel:   node   0: [mem 0x000000000000c000-0x000000000003efff]
May 09 15:23:22 archlinux kernel:   node   0: [mem 0x0000000000087000-0x0000000000088fff]
May 09 15:23:22 archlinux kernel:   node   0: [mem 0x0000000000110000-0x0000000046decfff]
May 09 15:23:22 archlinux kernel:   node   0: [mem 0x0000000058e0f000-0x0000000058e0ffff]
May 09 15:23:22 archlinux kernel:   node   0: [mem 0x0000000100000000-0x000000089e7fffff]
May 09 15:23:22 archlinux kernel: Initmem setup node 0 [mem 0x0000000000001000-0x000000089e7fffff]
May 09 15:23:22 archlinux kernel: On node 0, zone DMA: 1 pages in unavailable ranges
May 09 15:23:22 archlinux kernel: On node 0, zone DMA: 10 pages in unavailable ranges
May 09 15:23:22 archlinux kernel: On node 0, zone DMA: 72 pages in unavailable ranges
May 09 15:23:22 archlinux kernel: On node 0, zone DMA: 135 pages in unavailable ranges
May 09 15:23:22 archlinux kernel: On node 0, zone DMA32: 8226 pages in unavailable ranges
May 09 15:23:22 archlinux kernel: On node 0, zone Normal: 29168 pages in unavailable ranges
May 09 15:23:22 archlinux kernel: On node 0, zone Normal: 6144 pages in unavailable ranges
May 09 15:23:22 archlinux kernel: Reserving Intel graphics memory at [mem 0x5b800000-0x5f7fffff]
May 09 15:23:22 archlinux kernel: ACPI: PM-Timer IO Port: 0x1808
May 09 15:23:22 archlinux kernel: ACPI: LAPIC_NMI (acpi_id[0x01] high edge lint[0x1])
May 09 15:23:22 archlinux kernel: ACPI: LAPIC_NMI (acpi_id[0x02] high edge lint[0x1])
May 09 15:23:22 archlinux kernel: ACPI: LAPIC_NMI (acpi_id[0x03] high edge lint[0x1])
May 09 15:23:22 archlinux kernel: ACPI: LAPIC_NMI (acpi_id[0x04] high edge lint[0x1])
May 09 15:23:22 archlinux kernel: ACPI: LAPIC_NMI (acpi_id[0x05] high edge lint[0x1])
May 09 15:23:22 archlinux kernel: ACPI: LAPIC_NMI (acpi_id[0x06] high edge lint[0x1])
May 09 15:23:22 archlinux kernel: ACPI: LAPIC_NMI (acpi_id[0x07] high edge lint[0x1])
May 09 15:23:22 archlinux kernel: ACPI: LAPIC_NMI (acpi_id[0x08] high edge lint[0x1])
May 09 15:23:22 archlinux kernel: ACPI: LAPIC_NMI (acpi_id[0x09] high edge lint[0x1])
May 09 15:23:22 archlinux kernel: ACPI: LAPIC_NMI (acpi_id[0x0a] high edge lint[0x1])
May 09 15:23:22 archlinux kernel: ACPI: LAPIC_NMI (acpi_id[0x0b] high edge lint[0x1])
May 09 15:23:22 archlinux kernel: ACPI: LAPIC_NMI (acpi_id[0x0c] high edge lint[0x1])
May 09 15:23:22 archlinux kernel: ACPI: LAPIC_NMI (acpi_id[0x0d] high edge lint[0x1])
May 09 15:23:22 archlinux kernel: ACPI: LAPIC_NMI (acpi_id[0x0e] high edge lint[0x1])
May 09 15:23:22 archlinux kernel: ACPI: LAPIC_NMI (acpi_id[0x0f] high edge lint[0x1])
May 09 15:23:22 archlinux kernel: ACPI: LAPIC_NMI (acpi_id[0x10] high edge lint[0x1])
May 09 15:23:22 archlinux kernel: IOAPIC[0]: apic_id 2, version 32, address 0xfec00000, GSI 0-119
May 09 15:23:22 archlinux kernel: ACPI: INT_SRC_OVR (bus 0 bus_irq 0 global_irq 2 dfl dfl)
May 09 15:23:22 archlinux kernel: ACPI: INT_SRC_OVR (bus 0 bus_irq 9 global_irq 9 high level)
May 09 15:23:22 archlinux kernel: ACPI: Using ACPI (MADT) for SMP configuration information
May 09 15:23:22 archlinux kernel: ACPI: HPET id: 0x8086a201 base: 0xfed00000
May 09 15:23:22 archlinux kernel: TSC deadline timer available
May 09 15:23:22 archlinux kernel: smpboot: Allowing 12 CPUs, 0 hotplug CPUs
May 09 15:23:22 archlinux kernel: [mem 0x5f800000-0xfe00ffff] available for PCI devices
May 09 15:23:22 archlinux kernel: Booting paravirtualized kernel on bare hardware
May 09 15:23:22 archlinux kernel: clocksource: refined-jiffies: mask: 0xffffffff max_cycles: 0xffffffff, max_idle_ns: 6370452778343963 ns
May 09 15:23:22 archlinux kernel: setup_percpu: NR_CPUS:320 nr_cpumask_bits:12 nr_cpu_ids:12 nr_node_ids:1
May 09 15:23:22 archlinux kernel: percpu: Embedded 85 pages/cpu s225280 r8192 d114688 u524288
May 09 15:23:22 archlinux kernel: pcpu-alloc: s225280 r8192 d114688 u524288 alloc=1*2097152
May 09 15:23:22 archlinux kernel: pcpu-alloc: [0] 00 01 02 03 [0] 04 05 06 07 
May 09 15:23:22 archlinux kernel: pcpu-alloc: [0] 08 09 10 11 
May 09 15:23:22 archlinux kernel: Kernel command line: pti=on page_alloc.shuffle=1 pti=on page_alloc.shuffle=1 initrd=intel-ucode.img initrd=initramfs-linux-hardened.img BOOT_IMAGE=/vmlinuz-linux-hardened root=UUID=2c91f35a-076b-445b-8635-432d8a2c202e rw rd.luks.name=9f885d4c-2495-4e08-a67f-f61bcb0d381b=cryptroot rd.luks.options=password-echo=no root=/dev/mapper/cryptroot loglevel=3 quiet
May 09 15:23:22 archlinux kernel: Unknown kernel command line parameters "BOOT_IMAGE=/vmlinuz-linux-hardened", will be passed to user space.
May 09 15:23:22 archlinux kernel: Dentry cache hash table entries: 4194304 (order: 13, 33554432 bytes, linear)
May 09 15:23:22 archlinux kernel: Inode-cache hash table entries: 2097152 (order: 12, 16777216 bytes, linear)
May 09 15:23:22 archlinux kernel: Fallback order for Node 0: 0 
May 09 15:23:22 archlinux kernel: Built 1 zonelists, mobility grouping on.  Total pages: 8149894
May 09 15:23:22 archlinux kernel: Policy zone: Normal
May 09 15:23:22 archlinux kernel: mem auto-init: stack:all(zero), heap alloc:on, heap free:on
May 09 15:23:22 archlinux kernel: mem auto-init: clearing system memory may take some time...
May 09 15:23:22 archlinux kernel: software IO TLB: area num 16.
May 09 15:23:22 archlinux kernel: Memory: 32306576K/33117264K available (16384K kernel code, 2093K rwdata, 7624K rodata, 3932K init, 3324K bss, 810428K reserved, 0K cma-reserved)
May 09 15:23:22 archlinux kernel: SLUB: HWalign=64, Order=0-3, MinObjects=0, CPUs=12, Nodes=1
May 09 15:23:22 archlinux kernel: Kernel/User page tables isolation: enabled
May 09 15:23:22 archlinux kernel: ftrace: allocating 48486 entries in 190 pages
May 09 15:23:22 archlinux kernel: ftrace: allocated 190 pages with 6 groups
May 09 15:23:22 archlinux kernel: Dynamic Preempt: full
May 09 15:23:22 archlinux kernel: rcu: Preemptible hierarchical RCU implementation.
May 09 15:23:22 archlinux kernel: rcu:         RCU restricting CPUs from NR_CPUS=320 to nr_cpu_ids=12.
May 09 15:23:22 archlinux kernel: rcu:         RCU priority boosting: priority 1 delay 500 ms.
May 09 15:23:22 archlinux kernel:         Trampoline variant of Tasks RCU enabled.
May 09 15:23:22 archlinux kernel:         Rude variant of Tasks RCU enabled.
May 09 15:23:22 archlinux kernel:         Tracing variant of Tasks RCU enabled.
May 09 15:23:22 archlinux kernel: rcu: RCU calculated value of scheduler-enlistment delay is 30 jiffies.
May 09 15:23:22 archlinux kernel: rcu: Adjusting geometry for rcu_fanout_leaf=16, nr_cpu_ids=12
May 09 15:23:22 archlinux kernel: NR_IRQS: 20736, nr_irqs: 2152, preallocated irqs: 16
May 09 15:23:22 archlinux kernel: rcu: srcu_init: Setting srcu_struct sizes based on contention.
May 09 15:23:22 archlinux kernel: kfence: initialized - using 2097152 bytes for 255 objects at 0x(____ptrval____)-0x(____ptrval____)
May 09 15:23:22 archlinux kernel: Console: colour dummy device 80x25
May 09 15:23:22 archlinux kernel: printk: legacy console [tty0] enabled
May 09 15:23:22 archlinux kernel: ACPI: Core revision 20230628
May 09 15:23:22 archlinux kernel: hpet: HPET dysfunctional in PC10. Force disabled.
May 09 15:23:22 archlinux kernel: APIC: Switch to symmetric I/O mode setup
May 09 15:23:22 archlinux kernel: x2apic: IRQ remapping doesn't support X2APIC mode
May 09 15:23:22 archlinux kernel: APIC: Switched APIC routing to: physical flat
May 09 15:23:22 archlinux kernel: clocksource: tsc-early: mask: 0xffffffffffffffff max_cycles: 0x1fb62f12e8c, max_idle_ns: 440795238402 ns
May 09 15:23:22 archlinux kernel: Calibrating delay loop (skipped), value calculated using timer frequency.. 4401.32 BogoMIPS (lpj=7333320)
May 09 15:23:22 archlinux kernel: x86/cpu: SGX disabled by BIOS.
May 09 15:23:22 archlinux kernel: CPU0: Thermal monitoring enabled (TM1)
May 09 15:23:22 archlinux kernel: process: using mwait in idle threads
May 09 15:23:22 archlinux kernel: Last level iTLB entries: 4KB 64, 2MB 8, 4MB 8
May 09 15:23:22 archlinux kernel: Last level dTLB entries: 4KB 64, 2MB 0, 4MB 0, 1GB 4
May 09 15:23:22 archlinux kernel: Spectre V1 : Mitigation: usercopy/swapgs barriers and __user pointer sanitization
May 09 15:23:22 archlinux kernel: Spectre V2 : Mitigation: IBRS
May 09 15:23:22 archlinux kernel: Spectre V2 : Spectre v2 / SpectreRSB mitigation: Filling RSB on context switch
May 09 15:23:22 archlinux kernel: Spectre V2 : Spectre v2 / SpectreRSB : Filling RSB on VMEXIT
May 09 15:23:22 archlinux kernel: RETBleed: Mitigation: IBRS
May 09 15:23:22 archlinux kernel: Spectre V2 : mitigation: Enabling conditional Indirect Branch Prediction Barrier
May 09 15:23:22 archlinux kernel: Spectre V2 : User space: Mitigation: STIBP via prctl
May 09 15:23:22 archlinux kernel: Speculative Store Bypass: Mitigation: Speculative Store Bypass disabled via prctl
May 09 15:23:22 archlinux kernel: MDS: Mitigation: Clear CPU buffers
May 09 15:23:22 archlinux kernel: MMIO Stale Data: Mitigation: Clear CPU buffers
May 09 15:23:22 archlinux kernel: SRBDS: Mitigation: Microcode
May 09 15:23:22 archlinux kernel: GDS: Mitigation: Microcode
May 09 15:23:22 archlinux kernel: x86/fpu: Supporting XSAVE feature 0x001: 'x87 floating point registers'
May 09 15:23:22 archlinux kernel: x86/fpu: Supporting XSAVE feature 0x002: 'SSE registers'
May 09 15:23:22 archlinux kernel: x86/fpu: Supporting XSAVE feature 0x004: 'AVX registers'
May 09 15:23:22 archlinux kernel: x86/fpu: Supporting XSAVE feature 0x008: 'MPX bounds registers'
May 09 15:23:22 archlinux kernel: x86/fpu: Supporting XSAVE feature 0x010: 'MPX CSR'
May 09 15:23:22 archlinux kernel: x86/fpu: xstate_offset[2]:  576, xstate_sizes[2]:  256
May 09 15:23:22 archlinux kernel: x86/fpu: xstate_offset[3]:  832, xstate_sizes[3]:   64
May 09 15:23:22 archlinux kernel: x86/fpu: xstate_offset[4]:  896, xstate_sizes[4]:   64
May 09 15:23:22 archlinux kernel: x86/fpu: Enabled xstate features 0x1f, context size is 960 bytes, using 'compacted' format.
May 09 15:23:22 archlinux kernel: Freeing SMP alternatives memory: 40K
May 09 15:23:22 archlinux kernel: pid_max: default: 32768 minimum: 301
May 09 15:23:22 archlinux kernel: LSM: initializing lsm=capability,landlock,lockdown,yama,bpf,integrity
May 09 15:23:22 archlinux kernel: landlock: Up and running.
May 09 15:23:22 archlinux kernel: Yama: becoming mindful.
May 09 15:23:22 archlinux kernel: LSM support for eBPF active
May 09 15:23:22 archlinux kernel: Mount-cache hash table entries: 65536 (order: 7, 524288 bytes, linear)
May 09 15:23:22 archlinux kernel: Mountpoint-cache hash table entries: 65536 (order: 7, 524288 bytes, linear)
May 09 15:23:22 archlinux kernel: smpboot: CPU0: Intel(R) Core(TM) i7-8750H CPU @ 2.20GHz (family: 0x6, model: 0x9e, stepping: 0xa)
May 09 15:23:22 archlinux kernel: RCU Tasks: Setting shift to 4 and lim to 1 rcu_task_cb_adjust=1.
May 09 15:23:22 archlinux kernel: RCU Tasks Rude: Setting shift to 4 and lim to 1 rcu_task_cb_adjust=1.
May 09 15:23:22 archlinux kernel: RCU Tasks Trace: Setting shift to 4 and lim to 1 rcu_task_cb_adjust=1.
May 09 15:23:22 archlinux kernel: Performance Events: PEBS fmt3+, Skylake events, 32-deep LBR, full-width counters, Intel PMU driver.
May 09 15:23:22 archlinux kernel: ... version:                4
May 09 15:23:22 archlinux kernel: ... bit width:              48
May 09 15:23:22 archlinux kernel: ... generic registers:      4
May 09 15:23:22 archlinux kernel: ... value mask:             0000ffffffffffff
May 09 15:23:22 archlinux kernel: ... max period:             00007fffffffffff
May 09 15:23:22 archlinux kernel: ... fixed-purpose events:   3
May 09 15:23:22 archlinux kernel: ... event mask:             000000070000000f
May 09 15:23:22 archlinux kernel: signal: max sigframe size: 2032
May 09 15:23:22 archlinux kernel: Estimated ratio of average max frequency by base frequency (times 1024): 1861
May 09 15:23:22 archlinux kernel: rcu: Hierarchical SRCU implementation.
May 09 15:23:22 archlinux kernel: rcu:         Max phase no-delay instances is 1000.
May 09 15:23:22 archlinux kernel: NMI watchdog: Enabled. Permanently consumes one hw-PMU counter.
May 09 15:23:22 archlinux kernel: smp: Bringing up secondary CPUs ...
May 09 15:23:22 archlinux kernel: smpboot: x86: Booting SMP configuration:
May 09 15:23:22 archlinux kernel: .... node  #0, CPUs:        #1  #2  #3  #4  #5  #6  #7  #8  #9 #10 #11
May 09 15:23:22 archlinux kernel: MDS CPU bug present and SMT on, data leak possible. See https://www.kernel.org/doc/html/latest/admin-guide/hw-vuln/mds.html for more details.
May 09 15:23:22 archlinux kernel: MMIO Stale Data CPU bug present and SMT on, data leak possible. See https://www.kernel.org/doc/html/latest/admin-guide/hw-vuln/processor_mmio_stale_data.html for more details.
May 09 15:23:22 archlinux kernel: smp: Brought up 1 node, 12 CPUs
May 09 15:23:22 archlinux kernel: smpboot: Max logical packages: 1
May 09 15:23:22 archlinux kernel: smpboot: Total of 12 processors activated (52821.90 BogoMIPS)
May 09 15:23:22 archlinux kernel: devtmpfs: initialized
May 09 15:23:22 archlinux kernel: x86/mm: Memory block size: 128MB
May 09 15:23:22 archlinux kernel: ACPI: PM: Registering ACPI NVS region [mem 0x57f5f000-0x58da0fff] (14950400 bytes)
May 09 15:23:22 archlinux kernel: clocksource: jiffies: mask: 0xffffffff max_cycles: 0xffffffff, max_idle_ns: 6370867519511994 ns
May 09 15:23:22 archlinux kernel: futex hash table entries: 4096 (order: 6, 262144 bytes, linear)
May 09 15:23:22 archlinux kernel: pinctrl core: initialized pinctrl subsystem
May 09 15:23:22 archlinux kernel: pinctrl core: failed to create debugfs directory
May 09 15:23:22 archlinux kernel: PM: RTC time: 14:23:21, date: 2024-05-09
May 09 15:23:22 archlinux kernel: NET: Registered PF_NETLINK/PF_ROUTE protocol family
May 09 15:23:22 archlinux kernel: DMA: preallocated 4096 KiB GFP_KERNEL pool for atomic allocations
May 09 15:23:22 archlinux kernel: DMA: preallocated 4096 KiB GFP_KERNEL|GFP_DMA pool for atomic allocations
May 09 15:23:22 archlinux kernel: DMA: preallocated 4096 KiB GFP_KERNEL|GFP_DMA32 pool for atomic allocations
May 09 15:23:22 archlinux kernel: audit: initializing netlink subsys (disabled)
May 09 15:23:22 archlinux kernel: audit: type=2000 audit(1715264601.029:1): state=initialized audit_enabled=0 res=1
May 09 15:23:22 archlinux kernel: thermal_sys: Registered thermal governor 'fair_share'
May 09 15:23:22 archlinux kernel: thermal_sys: Registered thermal governor 'bang_bang'
May 09 15:23:22 archlinux kernel: thermal_sys: Registered thermal governor 'step_wise'
May 09 15:23:22 archlinux kernel: thermal_sys: Registered thermal governor 'user_space'
May 09 15:23:22 archlinux kernel: thermal_sys: Registered thermal governor 'power_allocator'
May 09 15:23:22 archlinux kernel: cpuidle: using governor ladder
May 09 15:23:22 archlinux kernel: cpuidle: using governor menu
May 09 15:23:22 archlinux kernel: Simple Boot Flag at 0x47 set to 0x1
May 09 15:23:22 archlinux kernel: ACPI FADT declares the system doesn't support PCIe ASPM, so disable it
May 09 15:23:22 archlinux kernel: acpiphp: ACPI Hot Plug PCI Controller Driver version: 0.5
May 09 15:23:22 archlinux kernel: PCI: ECAM [mem 0xe0000000-0xefffffff] (base 0xe0000000) for domain 0000 [bus 00-ff]
May 09 15:23:22 archlinux kernel: PCI: not using ECAM ([mem 0xe0000000-0xefffffff] not reserved)
May 09 15:23:22 archlinux kernel: PCI: Using configuration type 1 for base access
May 09 15:23:22 archlinux kernel: kprobes: kprobe jump-optimization is enabled. All kprobes are optimized if possible.
May 09 15:23:22 archlinux kernel: HugeTLB: registered 1.00 GiB page size, pre-allocated 0 pages
May 09 15:23:22 archlinux kernel: HugeTLB: 16380 KiB vmemmap can be freed for a 1.00 GiB page
May 09 15:23:22 archlinux kernel: HugeTLB: registered 2.00 MiB page size, pre-allocated 0 pages
May 09 15:23:22 archlinux kernel: HugeTLB: 28 KiB vmemmap can be freed for a 2.00 MiB page
May 09 15:23:22 archlinux kernel: ACPI: Added _OSI(Module Device)
May 09 15:23:22 archlinux kernel: ACPI: Added _OSI(Processor Device)
May 09 15:23:22 archlinux kernel: ACPI: Added _OSI(3.0 _SCP Extensions)
May 09 15:23:22 archlinux kernel: ACPI: Added _OSI(Processor Aggregator Device)
May 09 15:23:22 archlinux kernel: ACPI: 14 ACPI AML tables successfully acquired and loaded
May 09 15:23:22 archlinux kernel: ACPI: EC: EC started
May 09 15:23:22 archlinux kernel: ACPI: EC: interrupt blocked
May 09 15:23:22 archlinux kernel: ACPI: EC: EC_CMD/EC_SC=0x66, EC_DATA=0x62
May 09 15:23:22 archlinux kernel: ACPI: EC: Boot ECDT EC used to handle transactions
May 09 15:23:22 archlinux kernel: ACPI: [Firmware Bug]: BIOS _OSI(Linux) query ignored
May 09 15:23:22 archlinux kernel: ACPI: Dynamic OEM Table Load:
May 09 15:23:22 archlinux kernel: ACPI: SSDT 0xFFFF984FC0F64000 000436 (v02 PmRef  Cpu0Cst  00003001 INTL 20160527)
May 09 15:23:22 archlinux kernel: ACPI: Dynamic OEM Table Load:
May 09 15:23:22 archlinux kernel: ACPI: SSDT 0xFFFF984FC0F67000 000639 (v02 PmRef  Cpu0Ist  00003000 INTL 20160527)
May 09 15:23:22 archlinux kernel: ACPI: Dynamic OEM Table Load:
May 09 15:23:22 archlinux kernel: ACPI: SSDT 0xFFFF9852BD477800 000149 (v02 PmRef  Cpu0Hwp  00003000 INTL 20160527)
May 09 15:23:22 archlinux kernel: ACPI: Dynamic OEM Table Load:
May 09 15:23:22 archlinux kernel: ACPI: SSDT 0xFFFF984FC0F61000 000724 (v02 PmRef  HwpLvt   00003000 INTL 20160527)
May 09 15:23:22 archlinux kernel: ACPI: Dynamic OEM Table Load:
May 09 15:23:22 archlinux kernel: ACPI: SSDT 0xFFFF9852BD47E000 000EF1 (v02 PmRef  ApIst    00003000 INTL 20160527)
May 09 15:23:22 archlinux kernel: ACPI: Dynamic OEM Table Load:
May 09 15:23:22 archlinux kernel: ACPI: SSDT 0xFFFF9852BD48E800 000317 (v02 PmRef  ApHwp    00003000 INTL 20160527)
May 09 15:23:22 archlinux kernel: ACPI: Dynamic OEM Table Load:
May 09 15:23:22 archlinux kernel: ACPI: SSDT 0xFFFF9852BD488000 00030A (v02 PmRef  ApCst    00003000 INTL 20160527)
May 09 15:23:22 archlinux kernel: ACPI: _OSC evaluated successfully for all CPUs
May 09 15:23:22 archlinux kernel: ACPI: Interpreter enabled
May 09 15:23:22 archlinux kernel: ACPI: PM: (supports S0 S3 S5)
May 09 15:23:22 archlinux kernel: ACPI: Using IOAPIC for interrupt routing
May 09 15:23:22 archlinux kernel: PCI: ECAM [mem 0xe0000000-0xefffffff] (base 0xe0000000) for domain 0000 [bus 00-ff]
May 09 15:23:22 archlinux kernel: PCI: ECAM [mem 0xe0000000-0xefffffff] reserved as ACPI motherboard resource
May 09 15:23:22 archlinux kernel: PCI: Using host bridge windows from ACPI; if necessary, use "pci=nocrs" and report a bug
May 09 15:23:22 archlinux kernel: PCI: Ignoring E820 reservations for host bridge windows
May 09 15:23:22 archlinux kernel: ACPI: Enabled 10 GPEs in block 00 to 7F
May 09 15:23:22 archlinux kernel: ACPI: \_SB_.PCI0.PEG0.PG00: New power resource
May 09 15:23:22 archlinux kernel: ACPI: \_SB_.PCI0.PEG1.PG01: New power resource
May 09 15:23:22 archlinux kernel: ACPI: \_SB_.PCI0.PEG2.PG02: New power resource
May 09 15:23:22 archlinux kernel: ACPI: \_SB_.PCI0.LPCB.EC__.PUBS: New power resource
May 09 15:23:22 archlinux kernel: ACPI: \_SB_.PCI0.XDCI.USBC: New power resource
May 09 15:23:22 archlinux kernel: ACPI Error: AE_NOT_FOUND, While resolving a named reference package element - TUID (20230628/dspkginit-438)
May 09 15:23:22 archlinux kernel: ACPI: \_SB_.PCI0.RP21.PXP_: New power resource
May 09 15:23:22 archlinux kernel: ACPI: \_SB_.PCI0.SAT0.VOL0.V0PR: New power resource
May 09 15:23:22 archlinux kernel: ACPI: \_SB_.PCI0.SAT0.VOL1.V1PR: New power resource
May 09 15:23:22 archlinux kernel: ACPI: \_SB_.PCI0.SAT0.VOL2.V2PR: New power resource
May 09 15:23:22 archlinux kernel: ACPI: \_SB_.PCI0.CNVW.WRST: New power resource
May 09 15:23:22 archlinux kernel: ACPI: \PIN_: New power resource
May 09 15:23:22 archlinux kernel: ACPI: PCI Root Bridge [PCI0] (domain 0000 [bus 00-fe])
May 09 15:23:22 archlinux kernel: acpi PNP0A08:00: _OSC: OS supports [ExtendedConfig ASPM ClockPM Segments MSI EDR HPX-Type3]
May 09 15:23:22 archlinux kernel: acpi PNP0A08:00: _OSC: platform does not support [AER]
May 09 15:23:22 archlinux kernel: acpi PNP0A08:00: _OSC: OS now controls [PCIeHotplug SHPCHotplug PME PCIeCapability LTR DPC]
May 09 15:23:22 archlinux kernel: acpi PNP0A08:00: FADT indicates ASPM is unsupported, using BIOS configuration
May 09 15:23:22 archlinux kernel: PCI host bridge to bus 0000:00
May 09 15:23:22 archlinux kernel: pci_bus 0000:00: root bus resource [io  0x0000-0x0cf7 window]
May 09 15:23:22 archlinux kernel: pci_bus 0000:00: root bus resource [io  0x0d00-0xffff window]
May 09 15:23:22 archlinux kernel: pci_bus 0000:00: root bus resource [mem 0x000a0000-0x000bffff window]
May 09 15:23:22 archlinux kernel: pci_bus 0000:00: root bus resource [mem 0x5f800000-0xdfffffff window]
May 09 15:23:22 archlinux kernel: pci_bus 0000:00: root bus resource [mem 0x4000000000-0x7fffffffff window]
May 09 15:23:22 archlinux kernel: pci_bus 0000:00: root bus resource [mem 0xfc800000-0xfe7fffff window]
May 09 15:23:22 archlinux kernel: pci_bus 0000:00: root bus resource [bus 00-fe]
May 09 15:23:22 archlinux kernel: pci 0000:00:00.0: [8086:3ec4] type 00 class 0x060000 conventional PCI endpoint
May 09 15:23:22 archlinux kernel: pci 0000:00:01.0: [8086:1901] type 01 class 0x060400 PCIe Root Port
May 09 15:23:22 archlinux kernel: pci 0000:00:01.0: PCI bridge to [bus 01]
May 09 15:23:22 archlinux kernel: pci 0000:00:01.0:   bridge window [io  0x2000-0x2fff]
May 09 15:23:22 archlinux kernel: pci 0000:00:01.0:   bridge window [mem 0xc0000000-0xc10fffff]
May 09 15:23:22 archlinux kernel: pci 0000:00:01.0:   bridge window [mem 0x60000000-0x71ffffff 64bit pref]
May 09 15:23:22 archlinux kernel: pci 0000:00:01.0: PME# supported from D0 D3hot D3cold
May 09 15:23:22 archlinux kernel: pci 0000:00:02.0: [8086:3e9b] type 00 class 0x030000 PCIe Root Complex Integrated Endpoint
May 09 15:23:22 archlinux kernel: pci 0000:00:02.0: BAR 0 [mem 0xbf000000-0xbfffffff 64bit]
May 09 15:23:22 archlinux kernel: pci 0000:00:02.0: BAR 2 [mem 0x80000000-0x8fffffff 64bit pref]
May 09 15:23:22 archlinux kernel: pci 0000:00:02.0: BAR 4 [io  0x3000-0x303f]
May 09 15:23:22 archlinux kernel: pci 0000:00:02.0: BAR 2: assigned to efifb
May 09 15:23:22 archlinux kernel: pci 0000:00:02.0: Video device with shadowed ROM at [mem 0x000c0000-0x000dffff]
May 09 15:23:22 archlinux kernel: pci 0000:00:04.0: [8086:1903] type 00 class 0x118000 conventional PCI endpoint
May 09 15:23:22 archlinux kernel: pci 0000:00:04.0: BAR 0 [mem 0x404a100000-0x404a107fff 64bit]
May 09 15:23:22 archlinux kernel: pci 0000:00:08.0: [8086:1911] type 00 class 0x088000 conventional PCI endpoint
May 09 15:23:22 archlinux kernel: pci 0000:00:08.0: BAR 0 [mem 0x404a118000-0x404a118fff 64bit]
May 09 15:23:22 archlinux kernel: pci 0000:00:12.0: [8086:a379] type 00 class 0x118000 conventional PCI endpoint
May 09 15:23:22 archlinux kernel: pci 0000:00:12.0: BAR 0 [mem 0x404a117000-0x404a117fff 64bit]
May 09 15:23:22 archlinux kernel: pci 0000:00:14.0: [8086:a36d] type 00 class 0x0c0330 conventional PCI endpoint
May 09 15:23:22 archlinux kernel: pci 0000:00:14.0: BAR 0 [mem 0xc1320000-0xc132ffff 64bit]
May 09 15:23:22 archlinux kernel: pci 0000:00:14.0: PME# supported from D3hot D3cold
May 09 15:23:22 archlinux kernel: pci 0000:00:14.2: [8086:a36f] type 00 class 0x050000 conventional PCI endpoint
May 09 15:23:22 archlinux kernel: pci 0000:00:14.2: BAR 0 [mem 0x404a110000-0x404a111fff 64bit]
May 09 15:23:22 archlinux kernel: pci 0000:00:14.2: BAR 2 [mem 0x404a116000-0x404a116fff 64bit]
May 09 15:23:22 archlinux kernel: pci 0000:00:14.3: [8086:a370] type 00 class 0x028000 PCIe Root Complex Integrated Endpoint
May 09 15:23:22 archlinux kernel: pci 0000:00:14.3: BAR 0 [mem 0x404a10c000-0x404a10ffff 64bit]
May 09 15:23:22 archlinux kernel: pci 0000:00:14.3: PME# supported from D0 D3hot D3cold
May 09 15:23:22 archlinux kernel: pci 0000:00:15.0: [8086:a368] type 00 class 0x0c8000 conventional PCI endpoint
May 09 15:23:22 archlinux kernel: pci 0000:00:15.0: BAR 0 [mem 0x404a115000-0x404a115fff 64bit]
May 09 15:23:22 archlinux kernel: pci 0000:00:16.0: [8086:a360] type 00 class 0x078000 conventional PCI endpoint
May 09 15:23:22 archlinux kernel: pci 0000:00:16.0: BAR 0 [mem 0x404a114000-0x404a114fff 64bit]
May 09 15:23:22 archlinux kernel: pci 0000:00:16.0: PME# supported from D3hot
May 09 15:23:22 archlinux kernel: pci 0000:00:1b.0: [8086:a340] type 01 class 0x060400 PCIe Root Port
May 09 15:23:22 archlinux kernel: pci 0000:00:1b.0: PCI bridge to [bus 02]
May 09 15:23:22 archlinux kernel: pci 0000:00:1b.0:   bridge window [mem 0xc1200000-0xc12fffff]
May 09 15:23:22 archlinux kernel: pci 0000:00:1b.0: PME# supported from D0 D3hot D3cold
May 09 15:23:22 archlinux kernel: pci 0000:00:1b.0: PTM enabled (root), 4ns granularity
May 09 15:23:22 archlinux kernel: pci 0000:00:1b.4: [8086:a32c] type 01 class 0x060400 PCIe Root Port
May 09 15:23:22 archlinux kernel: pci 0000:00:1b.4: PCI bridge to [bus 04-6e]
May 09 15:23:22 archlinux kernel: pci 0000:00:1b.4:   bridge window [mem 0x90000000-0xbe0fffff]
May 09 15:23:22 archlinux kernel: pci 0000:00:1b.4:   bridge window [mem 0x4000000000-0x4049ffffff 64bit pref]
May 09 15:23:22 archlinux kernel: pci 0000:00:1b.4: PME# supported from D0 D3hot D3cold
May 09 15:23:22 archlinux kernel: pci 0000:00:1b.4: PTM enabled (root), 4ns granularity
May 09 15:23:22 archlinux kernel: pci 0000:00:1d.0: [8086:a330] type 01 class 0x060400 PCIe Root Port
May 09 15:23:22 archlinux kernel: pci 0000:00:1d.0: PCI bridge to [bus 71]
May 09 15:23:22 archlinux kernel: pci 0000:00:1d.0:   bridge window [mem 0xc1100000-0xc11fffff]
May 09 15:23:22 archlinux kernel: pci 0000:00:1d.0: PME# supported from D0 D3hot D3cold
May 09 15:23:22 archlinux kernel: pci 0000:00:1d.0: PTM enabled (root), 4ns granularity
May 09 15:23:22 archlinux kernel: pci 0000:00:1e.0: [8086:a328] type 00 class 0x078000 conventional PCI endpoint
May 09 15:23:22 archlinux kernel: pci 0000:00:1e.0: BAR 0 [mem 0x404a113000-0x404a113fff 64bit]
May 09 15:23:22 archlinux kernel: pci 0000:00:1f.0: [8086:a30e] type 00 class 0x060100 conventional PCI endpoint
May 09 15:23:22 archlinux kernel: pci 0000:00:1f.3: [8086:a348] type 00 class 0x040380 conventional PCI endpoint
May 09 15:23:22 archlinux kernel: pci 0000:00:1f.3: BAR 0 [mem 0x404a108000-0x404a10bfff 64bit]
May 09 15:23:22 archlinux kernel: pci 0000:00:1f.3: BAR 4 [mem 0x404a000000-0x404a0fffff 64bit]
May 09 15:23:22 archlinux kernel: pci 0000:00:1f.3: PME# supported from D3hot D3cold
May 09 15:23:22 archlinux kernel: pci 0000:00:1f.4: [8086:a323] type 00 class 0x0c0500 conventional PCI endpoint
May 09 15:23:22 archlinux kernel: pci 0000:00:1f.4: BAR 0 [mem 0x404a112000-0x404a1120ff 64bit]
May 09 15:23:22 archlinux kernel: pci 0000:00:1f.4: BAR 4 [io  0xefa0-0xefbf]
May 09 15:23:22 archlinux kernel: pci 0000:00:1f.5: [8086:a324] type 00 class 0x0c8000 conventional PCI endpoint
May 09 15:23:22 archlinux kernel: pci 0000:00:1f.5: BAR 0 [mem 0xfe010000-0xfe010fff]
May 09 15:23:22 archlinux kernel: pci 0000:00:1f.6: [8086:15bc] type 00 class 0x020000 conventional PCI endpoint
May 09 15:23:22 archlinux kernel: pci 0000:00:1f.6: BAR 0 [mem 0xc1300000-0xc131ffff]
May 09 15:23:22 archlinux kernel: pci 0000:00:1f.6: PME# supported from D0 D3hot D3cold
May 09 15:23:22 archlinux kernel: pci 0000:01:00.0: [10de:1c8c] type 00 class 0x030000 PCIe Endpoint
May 09 15:23:22 archlinux kernel: pci 0000:01:00.0: BAR 0 [mem 0xc0000000-0xc0ffffff]
May 09 15:23:22 archlinux kernel: pci 0000:01:00.0: BAR 1 [mem 0x60000000-0x6fffffff 64bit pref]
May 09 15:23:22 archlinux kernel: pci 0000:01:00.0: BAR 3 [mem 0x70000000-0x71ffffff 64bit pref]
May 09 15:23:22 archlinux kernel: pci 0000:01:00.0: BAR 5 [io  0x2000-0x207f]
May 09 15:23:22 archlinux kernel: pci 0000:01:00.0: ROM [mem 0xfff80000-0xffffffff pref]
May 09 15:23:22 archlinux kernel: pci 0000:01:00.1: [10de:0fb9] type 00 class 0x040300 PCIe Endpoint
May 09 15:23:22 archlinux kernel: pci 0000:01:00.1: BAR 0 [mem 0xc1000000-0xc1003fff]
May 09 15:23:22 archlinux kernel: pci 0000:00:01.0: PCI bridge to [bus 01]
May 09 15:23:22 archlinux kernel: pci 0000:02:00.0: [144d:a808] type 00 class 0x010802 PCIe Endpoint
May 09 15:23:22 archlinux kernel: pci 0000:02:00.0: BAR 0 [mem 0xc1200000-0xc1203fff 64bit]
May 09 15:23:22 archlinux kernel: pci 0000:00:1b.0: PCI bridge to [bus 02]
May 09 15:23:22 archlinux kernel: pci 0000:04:00.0: [8086:15ea] type 01 class 0x060400 PCIe Switch Upstream Port
May 09 15:23:22 archlinux kernel: pci 0000:04:00.0: PCI bridge to [bus 05-6e]
May 09 15:23:22 archlinux kernel: pci 0000:04:00.0:   bridge window [mem 0x90000000-0xbe0fffff]
May 09 15:23:22 archlinux kernel: pci 0000:04:00.0:   bridge window [mem 0x4000000000-0x4049ffffff 64bit pref]
May 09 15:23:22 archlinux kernel: pci 0000:04:00.0: enabling Extended Tags
May 09 15:23:22 archlinux kernel: pci 0000:04:00.0: supports D1 D2
May 09 15:23:22 archlinux kernel: pci 0000:04:00.0: PME# supported from D0 D1 D2 D3hot D3cold
May 09 15:23:22 archlinux kernel: pci 0000:04:00.0: PTM enabled, 4ns granularity
May 09 15:23:22 archlinux kernel: pci 0000:00:1b.4: PCI bridge to [bus 04-6e]
May 09 15:23:22 archlinux kernel: pci 0000:05:00.0: [8086:15ea] type 01 class 0x060400 PCIe Switch Downstream Port
May 09 15:23:22 archlinux kernel: pci 0000:05:00.0: PCI bridge to [bus 06]
May 09 15:23:22 archlinux kernel: pci 0000:05:00.0:   bridge window [mem 0xbe000000-0xbe0fffff]
May 09 15:23:22 archlinux kernel: pci 0000:05:00.0: enabling Extended Tags
May 09 15:23:22 archlinux kernel: pci 0000:05:00.0: supports D1 D2
May 09 15:23:22 archlinux kernel: pci 0000:05:00.0: PME# supported from D0 D1 D2 D3hot D3cold
May 09 15:23:22 archlinux kernel: pci 0000:05:01.0: [8086:15ea] type 01 class 0x060400 PCIe Switch Downstream Port
May 09 15:23:22 archlinux kernel: pci 0000:05:01.0: PCI bridge to [bus 07-39]
May 09 15:23:22 archlinux kernel: pci 0000:05:01.0:   bridge window [mem 0x90000000-0xa7efffff]
May 09 15:23:22 archlinux kernel: pci 0000:05:01.0:   bridge window [mem 0x4000000000-0x401fffffff 64bit pref]
May 09 15:23:22 archlinux kernel: pci 0000:05:01.0: enabling Extended Tags
May 09 15:23:22 archlinux kernel: pci 0000:05:01.0: supports D1 D2
May 09 15:23:22 archlinux kernel: pci 0000:05:01.0: PME# supported from D0 D1 D2 D3hot D3cold
May 09 15:23:22 archlinux kernel: pci 0000:05:02.0: [8086:15ea] type 01 class 0x060400 PCIe Switch Downstream Port
May 09 15:23:22 archlinux kernel: pci 0000:05:02.0: PCI bridge to [bus 3a]
May 09 15:23:22 archlinux kernel: pci 0000:05:02.0:   bridge window [mem 0xa7f00000-0xa7ffffff]
May 09 15:23:22 archlinux kernel: pci 0000:05:02.0: enabling Extended Tags
May 09 15:23:22 archlinux kernel: pci 0000:05:02.0: supports D1 D2
May 09 15:23:22 archlinux kernel: pci 0000:05:02.0: PME# supported from D0 D1 D2 D3hot D3cold
May 09 15:23:22 archlinux kernel: pci 0000:05:04.0: [8086:15ea] type 01 class 0x060400 PCIe Switch Downstream Port
May 09 15:23:22 archlinux kernel: pci 0000:05:04.0: PCI bridge to [bus 3b-6e]
May 09 15:23:22 archlinux kernel: pci 0000:05:04.0:   bridge window [mem 0xa8000000-0xbdffffff]
May 09 15:23:22 archlinux kernel: pci 0000:05:04.0:   bridge window [mem 0x4020000000-0x4049ffffff 64bit pref]
May 09 15:23:22 archlinux kernel: pci 0000:05:04.0: enabling Extended Tags
May 09 15:23:22 archlinux kernel: pci 0000:05:04.0: supports D1 D2
May 09 15:23:22 archlinux kernel: pci 0000:05:04.0: PME# supported from D0 D1 D2 D3hot D3cold
May 09 15:23:22 archlinux kernel: pci 0000:04:00.0: PCI bridge to [bus 05-6e]
May 09 15:23:22 archlinux kernel: pci 0000:06:00.0: [8086:15eb] type 00 class 0x088000 PCIe Endpoint
May 09 15:23:22 archlinux kernel: pci 0000:06:00.0: BAR 0 [mem 0xbe000000-0xbe03ffff]
May 09 15:23:22 archlinux kernel: pci 0000:06:00.0: BAR 1 [mem 0xbe040000-0xbe040fff]
May 09 15:23:22 archlinux kernel: pci 0000:06:00.0: enabling Extended Tags
May 09 15:23:22 archlinux kernel: pci 0000:06:00.0: supports D1 D2
May 09 15:23:22 archlinux kernel: pci 0000:06:00.0: PME# supported from D0 D1 D2 D3hot D3cold
May 09 15:23:22 archlinux kernel: pci 0000:05:00.0: PCI bridge to [bus 06]
May 09 15:23:22 archlinux kernel: pci 0000:05:01.0: PCI bridge to [bus 07-39]
May 09 15:23:22 archlinux kernel: pci 0000:3a:00.0: [8086:15ec] type 00 class 0x0c0330 PCIe Endpoint
May 09 15:23:22 archlinux kernel: pci 0000:3a:00.0: BAR 0 [mem 0xa7f00000-0xa7f0ffff]
May 09 15:23:22 archlinux kernel: pci 0000:3a:00.0: enabling Extended Tags
May 09 15:23:22 archlinux kernel: pci 0000:3a:00.0: supports D1 D2
May 09 15:23:22 archlinux kernel: pci 0000:3a:00.0: PME# supported from D0 D1 D2 D3hot D3cold
May 09 15:23:22 archlinux kernel: pci 0000:3a:00.0: 8.000 Gb/s available PCIe bandwidth, limited by 2.5 GT/s PCIe x4 link at 0000:05:02.0 (capable of 31.504 Gb/s with 8.0 GT/s PCIe x4 link)
May 09 15:23:22 archlinux kernel: pci 0000:05:02.0: PCI bridge to [bus 3a]
May 09 15:23:22 archlinux kernel: pci 0000:05:04.0: PCI bridge to [bus 3b-6e]
May 09 15:23:22 archlinux kernel: pci 0000:71:00.0: [144d:a808] type 00 class 0x010802 PCIe Endpoint
May 09 15:23:22 archlinux kernel: pci 0000:71:00.0: BAR 0 [mem 0xc1100000-0xc1103fff 64bit]
May 09 15:23:22 archlinux kernel: pci 0000:00:1d.0: PCI bridge to [bus 71]
May 09 15:23:22 archlinux kernel: ACPI: EC: interrupt unblocked
May 09 15:23:22 archlinux kernel: ACPI: EC: event unblocked
May 09 15:23:22 archlinux kernel: ACPI: EC: EC_CMD/EC_SC=0x66, EC_DATA=0x62
May 09 15:23:22 archlinux kernel: ACPI: EC: GPE=0x16
May 09 15:23:22 archlinux kernel: ACPI: \_SB_.PCI0.LPCB.EC__: Boot ECDT EC initialization complete
May 09 15:23:22 archlinux kernel: ACPI: \_SB_.PCI0.LPCB.EC__: EC: Used to handle transactions and events
May 09 15:23:22 archlinux kernel: iommu: Default domain type: Translated
May 09 15:23:22 archlinux kernel: iommu: DMA domain TLB invalidation policy: strict mode
May 09 15:23:22 archlinux kernel: SCSI subsystem initialized
May 09 15:23:22 archlinux kernel: libata version 3.00 loaded.
May 09 15:23:22 archlinux kernel: ACPI: bus type USB registered
May 09 15:23:22 archlinux kernel: usbcore: registered new interface driver usbfs
May 09 15:23:22 archlinux kernel: usbcore: registered new interface driver hub
May 09 15:23:22 archlinux kernel: usbcore: registered new device driver usb
May 09 15:23:22 archlinux kernel: EDAC MC: Ver: 3.0.0
May 09 15:23:22 archlinux kernel: efivars: Registered efivars operations
May 09 15:23:22 archlinux kernel: NetLabel: Initializing
May 09 15:23:22 archlinux kernel: NetLabel:  domain hash size = 128
May 09 15:23:22 archlinux kernel: NetLabel:  protocols = UNLABELED CIPSOv4 CALIPSO
May 09 15:23:22 archlinux kernel: NetLabel:  unlabeled traffic allowed by default
May 09 15:23:22 archlinux kernel: mctp: management component transport protocol core
May 09 15:23:22 archlinux kernel: NET: Registered PF_MCTP protocol family
May 09 15:23:22 archlinux kernel: PCI: Using ACPI for IRQ routing
May 09 15:23:22 archlinux kernel: PCI: pci_cache_line_size set to 64 bytes
May 09 15:23:22 archlinux kernel: e820: reserve RAM buffer [mem 0x00002000-0x0000ffff]
May 09 15:23:22 archlinux kernel: e820: reserve RAM buffer [mem 0x0003f000-0x0003ffff]
May 09 15:23:22 archlinux kernel: e820: reserve RAM buffer [mem 0x00089000-0x0008ffff]
May 09 15:23:22 archlinux kernel: e820: reserve RAM buffer [mem 0x3e44a018-0x3fffffff]
May 09 15:23:22 archlinux kernel: e820: reserve RAM buffer [mem 0x3f027018-0x3fffffff]
May 09 15:23:22 archlinux kernel: e820: reserve RAM buffer [mem 0x46ded000-0x47ffffff]
May 09 15:23:22 archlinux kernel: e820: reserve RAM buffer [mem 0x58e10000-0x5bffffff]
May 09 15:23:22 archlinux kernel: e820: reserve RAM buffer [mem 0x89e800000-0x89fffffff]
May 09 15:23:22 archlinux kernel: pci 0000:00:02.0: vgaarb: setting as boot VGA device
May 09 15:23:22 archlinux kernel: pci 0000:00:02.0: vgaarb: bridge control possible
May 09 15:23:22 archlinux kernel: pci 0000:00:02.0: vgaarb: VGA device added: decodes=io+mem,owns=io+mem,locks=none
May 09 15:23:22 archlinux kernel: pci 0000:01:00.0: vgaarb: bridge control possible
May 09 15:23:22 archlinux kernel: pci 0000:01:00.0: vgaarb: VGA device added: decodes=io+mem,owns=none,locks=none
May 09 15:23:22 archlinux kernel: vgaarb: loaded
May 09 15:23:22 archlinux kernel: Could not create 'lock_event_counts' debugfs entries
May 09 15:23:22 archlinux kernel: clocksource: Switched to clocksource tsc-early
May 09 15:23:22 archlinux kernel: VFS: Disk quotas dquot_6.6.0
May 09 15:23:22 archlinux kernel: VFS: Dquot-cache hash table entries: 512 (order 0, 4096 bytes)
May 09 15:23:22 archlinux kernel: pnp: PnP ACPI init
May 09 15:23:22 archlinux kernel: system 00:00: [mem 0x40000000-0x403fffff] could not be reserved
May 09 15:23:22 archlinux kernel: system 00:01: [io  0x1800-0x18fe] has been reserved
May 09 15:23:22 archlinux kernel: system 00:01: [mem 0xfd000000-0xfd69ffff] has been reserved
May 09 15:23:22 archlinux kernel: system 00:01: [mem 0xfd6c0000-0xfd6cffff] has been reserved
May 09 15:23:22 archlinux kernel: system 00:01: [mem 0xfd6f0000-0xfdffffff] has been reserved
May 09 15:23:22 archlinux kernel: system 00:01: [mem 0xfe000000-0xfe01ffff] could not be reserved
May 09 15:23:22 archlinux kernel: system 00:01: [mem 0xfe200000-0xfe7fffff] has been reserved
May 09 15:23:22 archlinux kernel: system 00:01: [mem 0xff000000-0xffffffff] has been reserved
May 09 15:23:22 archlinux kernel: system 00:02: [io  0xff00-0xfffe] has been reserved
May 09 15:23:22 archlinux kernel: system 00:03: [io  0x0680-0x069f] has been reserved
May 09 15:23:22 archlinux kernel: system 00:03: [io  0x164e-0x164f] has been reserved
May 09 15:23:22 archlinux kernel: system 00:05: [io  0x1854-0x1857] has been reserved
May 09 15:23:22 archlinux kernel: system 00:08: [io  0x1800-0x189f] could not be reserved
May 09 15:23:22 archlinux kernel: system 00:08: [io  0x0800-0x087f] has been reserved
May 09 15:23:22 archlinux kernel: system 00:08: [io  0x0880-0x08ff] has been reserved
May 09 15:23:22 archlinux kernel: system 00:08: [io  0x0900-0x097f] has been reserved
May 09 15:23:22 archlinux kernel: system 00:08: [io  0x0980-0x09ff] has been reserved
May 09 15:23:22 archlinux kernel: system 00:08: [io  0x0a00-0x0a7f] has been reserved
May 09 15:23:22 archlinux kernel: system 00:08: [io  0x0a80-0x0aff] has been reserved
May 09 15:23:22 archlinux kernel: system 00:08: [io  0x0b00-0x0b7f] has been reserved
May 09 15:23:22 archlinux kernel: system 00:08: [io  0x0b80-0x0bff] has been reserved
May 09 15:23:22 archlinux kernel: system 00:08: [io  0x15e0-0x15ef] has been reserved
May 09 15:23:22 archlinux kernel: system 00:08: [io  0x1600-0x167f] could not be reserved
May 09 15:23:22 archlinux kernel: system 00:08: [io  0x1640-0x165f] could not be reserved
May 09 15:23:22 archlinux kernel: system 00:08: [mem 0xe0000000-0xefffffff] has been reserved
May 09 15:23:22 archlinux kernel: system 00:08: [mem 0xfed10000-0xfed13fff] has been reserved
May 09 15:23:22 archlinux kernel: system 00:08: [mem 0xfed18000-0xfed18fff] has been reserved
May 09 15:23:22 archlinux kernel: system 00:08: [mem 0xfed19000-0xfed19fff] has been reserved
May 09 15:23:22 archlinux kernel: system 00:08: [mem 0xfeb00000-0xfebfffff] has been reserved
May 09 15:23:22 archlinux kernel: system 00:08: [mem 0xfed20000-0xfed3ffff] has been reserved
May 09 15:23:22 archlinux kernel: system 00:08: [mem 0xfed90000-0xfed93fff] has been reserved
May 09 15:23:22 archlinux kernel: system 00:09: [mem 0xfd6e0000-0xfd6effff] has been reserved
May 09 15:23:22 archlinux kernel: system 00:09: [mem 0xfd6d0000-0xfd6dffff] has been reserved
May 09 15:23:22 archlinux kernel: system 00:09: [mem 0xfd6b0000-0xfd6bffff] has been reserved
May 09 15:23:22 archlinux kernel: system 00:09: [mem 0xfd6a0000-0xfd6affff] has been reserved
May 09 15:23:22 archlinux kernel: system 00:0b: [mem 0xfed10000-0xfed17fff] could not be reserved
May 09 15:23:22 archlinux kernel: system 00:0b: [mem 0xfed18000-0xfed18fff] has been reserved
May 09 15:23:22 archlinux kernel: system 00:0b: [mem 0xfed19000-0xfed19fff] has been reserved
May 09 15:23:22 archlinux kernel: system 00:0b: [mem 0xe0000000-0xefffffff] has been reserved
May 09 15:23:22 archlinux kernel: system 00:0b: [mem 0xfed20000-0xfed3ffff] has been reserved
May 09 15:23:22 archlinux kernel: system 00:0b: [mem 0xfed90000-0xfed93fff] has been reserved
May 09 15:23:22 archlinux kernel: system 00:0b: [mem 0xfed45000-0xfed8ffff] has been reserved
May 09 15:23:22 archlinux kernel: system 00:0b: [mem 0xfee00000-0xfeefffff] has been reserved
May 09 15:23:22 archlinux kernel: pnp 00:0c: disabling [mem 0x000c0000-0x000c3fff] because it overlaps 0000:00:02.0 BAR 6 [mem 0x000c0000-0x000dffff]
May 09 15:23:22 archlinux kernel: pnp 00:0c: disabling [mem 0x000c8000-0x000cbfff] because it overlaps 0000:00:02.0 BAR 6 [mem 0x000c0000-0x000dffff]
May 09 15:23:22 archlinux kernel: pnp 00:0c: disabling [mem 0x000d0000-0x000d3fff] because it overlaps 0000:00:02.0 BAR 6 [mem 0x000c0000-0x000dffff]
May 09 15:23:22 archlinux kernel: pnp 00:0c: disabling [mem 0x000d8000-0x000dbfff] because it overlaps 0000:00:02.0 BAR 6 [mem 0x000c0000-0x000dffff]
May 09 15:23:22 archlinux kernel: system 00:0c: [mem 0x00000000-0x0009ffff] could not be reserved
May 09 15:23:22 archlinux kernel: system 00:0c: [mem 0x000e0000-0x000e3fff] could not be reserved
May 09 15:23:22 archlinux kernel: system 00:0c: [mem 0x000e8000-0x000ebfff] could not be reserved
May 09 15:23:22 archlinux kernel: system 00:0c: [mem 0x000f0000-0x000fffff] could not be reserved
May 09 15:23:22 archlinux kernel: system 00:0c: [mem 0x00100000-0x5f7fffff] could not be reserved
May 09 15:23:22 archlinux kernel: system 00:0c: [mem 0xfec00000-0xfed3ffff] could not be reserved
May 09 15:23:22 archlinux kernel: system 00:0c: [mem 0xfed4c000-0xffffffff] could not be reserved
May 09 15:23:22 archlinux kernel: pnp: PnP ACPI: found 13 devices
May 09 15:23:22 archlinux kernel: clocksource: acpi_pm: mask: 0xffffff max_cycles: 0xffffff, max_idle_ns: 2085701024 ns
May 09 15:23:22 archlinux kernel: NET: Registered PF_INET protocol family
May 09 15:23:22 archlinux kernel: IP idents hash table entries: 262144 (order: 9, 2097152 bytes, linear)
May 09 15:23:22 archlinux kernel: tcp_listen_portaddr_hash hash table entries: 16384 (order: 6, 262144 bytes, linear)
May 09 15:23:22 archlinux kernel: Table-perturb hash table entries: 65536 (order: 6, 262144 bytes, linear)
May 09 15:23:22 archlinux kernel: TCP established hash table entries: 262144 (order: 9, 2097152 bytes, linear)
May 09 15:23:22 archlinux kernel: TCP bind hash table entries: 65536 (order: 9, 2097152 bytes, linear)
May 09 15:23:22 archlinux kernel: TCP: Hash tables configured (established 262144 bind 65536)
May 09 15:23:22 archlinux kernel: MPTCP token hash table entries: 32768 (order: 7, 786432 bytes, linear)
May 09 15:23:22 archlinux kernel: UDP hash table entries: 16384 (order: 7, 524288 bytes, linear)
May 09 15:23:22 archlinux kernel: UDP-Lite hash table entries: 16384 (order: 7, 524288 bytes, linear)
May 09 15:23:22 archlinux kernel: NET: Registered PF_UNIX/PF_LOCAL protocol family
May 09 15:23:22 archlinux kernel: NET: Registered PF_XDP protocol family
May 09 15:23:22 archlinux kernel: pci 0000:01:00.0: ROM [mem 0xfff80000-0xffffffff pref]: can't claim; no compatible bridge window
May 09 15:23:22 archlinux kernel: pci 0000:05:01.0: bridge window [io  0x1000-0x0fff] to [bus 07-39] add_size 1000
May 09 15:23:22 archlinux kernel: pci 0000:05:04.0: bridge window [io  0x1000-0x0fff] to [bus 3b-6e] add_size 1000
May 09 15:23:22 archlinux kernel: pci 0000:04:00.0: bridge window [io  0x1000-0x0fff] to [bus 05-6e] add_size 2000
May 09 15:23:22 archlinux kernel: pci 0000:00:1b.4: bridge window [io  0x1000-0x0fff] to [bus 04-6e] add_size 3000
May 09 15:23:22 archlinux kernel: pci 0000:00:1b.4: bridge window [io  0x4000-0x6fff]: assigned
May 09 15:23:22 archlinux kernel: pci 0000:01:00.0: ROM [mem 0xc1080000-0xc10fffff pref]: assigned
May 09 15:23:22 archlinux kernel: pci 0000:00:01.0: PCI bridge to [bus 01]
May 09 15:23:22 archlinux kernel: pci 0000:00:01.0:   bridge window [io  0x2000-0x2fff]
May 09 15:23:22 archlinux kernel: pci 0000:00:01.0:   bridge window [mem 0xc0000000-0xc10fffff]
May 09 15:23:22 archlinux kernel: pci 0000:00:01.0:   bridge window [mem 0x60000000-0x71ffffff 64bit pref]
May 09 15:23:22 archlinux kernel: pci 0000:00:1b.0: PCI bridge to [bus 02]
May 09 15:23:22 archlinux kernel: pci 0000:00:1b.0:   bridge window [mem 0xc1200000-0xc12fffff]
May 09 15:23:22 archlinux kernel: pci 0000:04:00.0: bridge window [io  0x4000-0x5fff]: assigned
May 09 15:23:22 archlinux kernel: pci 0000:05:01.0: bridge window [io  0x4000-0x4fff]: assigned
May 09 15:23:22 archlinux kernel: pci 0000:05:04.0: bridge window [io  0x5000-0x5fff]: assigned
May 09 15:23:22 archlinux kernel: pci 0000:05:00.0: PCI bridge to [bus 06]
May 09 15:23:22 archlinux kernel: pci 0000:05:00.0:   bridge window [mem 0xbe000000-0xbe0fffff]
May 09 15:23:22 archlinux kernel: pci 0000:05:01.0: PCI bridge to [bus 07-39]
May 09 15:23:22 archlinux kernel: pci 0000:05:01.0:   bridge window [io  0x4000-0x4fff]
May 09 15:23:22 archlinux kernel: pci 0000:05:01.0:   bridge window [mem 0x90000000-0xa7efffff]
May 09 15:23:22 archlinux kernel: pci 0000:05:01.0:   bridge window [mem 0x4000000000-0x401fffffff 64bit pref]
May 09 15:23:22 archlinux kernel: pci 0000:05:02.0: PCI bridge to [bus 3a]
May 09 15:23:22 archlinux kernel: pci 0000:05:02.0:   bridge window [mem 0xa7f00000-0xa7ffffff]
May 09 15:23:22 archlinux kernel: pci 0000:05:04.0: PCI bridge to [bus 3b-6e]
May 09 15:23:22 archlinux kernel: pci 0000:05:04.0:   bridge window [io  0x5000-0x5fff]
May 09 15:23:22 archlinux kernel: pci 0000:05:04.0:   bridge window [mem 0xa8000000-0xbdffffff]
May 09 15:23:22 archlinux kernel: pci 0000:05:04.0:   bridge window [mem 0x4020000000-0x4049ffffff 64bit pref]
May 09 15:23:22 archlinux kernel: pci 0000:04:00.0: PCI bridge to [bus 05-6e]
May 09 15:23:22 archlinux kernel: pci 0000:04:00.0:   bridge window [io  0x4000-0x5fff]
May 09 15:23:22 archlinux kernel: pci 0000:04:00.0:   bridge window [mem 0x90000000-0xbe0fffff]
May 09 15:23:22 archlinux kernel: pci 0000:04:00.0:   bridge window [mem 0x4000000000-0x4049ffffff 64bit pref]
May 09 15:23:22 archlinux kernel: pci 0000:00:1b.4: PCI bridge to [bus 04-6e]
May 09 15:23:22 archlinux kernel: pci 0000:00:1b.4:   bridge window [io  0x4000-0x6fff]
May 09 15:23:22 archlinux kernel: pci 0000:00:1b.4:   bridge window [mem 0x90000000-0xbe0fffff]
May 09 15:23:22 archlinux kernel: pci 0000:00:1b.4:   bridge window [mem 0x4000000000-0x4049ffffff 64bit pref]
May 09 15:23:22 archlinux kernel: pci 0000:00:1d.0: PCI bridge to [bus 71]
May 09 15:23:22 archlinux kernel: pci 0000:00:1d.0:   bridge window [mem 0xc1100000-0xc11fffff]
May 09 15:23:22 archlinux kernel: pci_bus 0000:00: resource 4 [io  0x0000-0x0cf7 window]
May 09 15:23:22 archlinux kernel: pci_bus 0000:00: resource 5 [io  0x0d00-0xffff window]
May 09 15:23:22 archlinux kernel: pci_bus 0000:00: resource 6 [mem 0x000a0000-0x000bffff window]
May 09 15:23:22 archlinux kernel: pci_bus 0000:00: resource 7 [mem 0x5f800000-0xdfffffff window]
May 09 15:23:22 archlinux kernel: pci_bus 0000:00: resource 8 [mem 0x4000000000-0x7fffffffff window]
May 09 15:23:22 archlinux kernel: pci_bus 0000:00: resource 9 [mem 0xfc800000-0xfe7fffff window]
May 09 15:23:22 archlinux kernel: pci_bus 0000:01: resource 0 [io  0x2000-0x2fff]
May 09 15:23:22 archlinux kernel: pci_bus 0000:01: resource 1 [mem 0xc0000000-0xc10fffff]
May 09 15:23:22 archlinux kernel: pci_bus 0000:01: resource 2 [mem 0x60000000-0x71ffffff 64bit pref]
May 09 15:23:22 archlinux kernel: pci_bus 0000:02: resource 1 [mem 0xc1200000-0xc12fffff]
May 09 15:23:22 archlinux kernel: pci_bus 0000:04: resource 0 [io  0x4000-0x6fff]
May 09 15:23:22 archlinux kernel: pci_bus 0000:04: resource 1 [mem 0x90000000-0xbe0fffff]
May 09 15:23:22 archlinux kernel: pci_bus 0000:04: resource 2 [mem 0x4000000000-0x4049ffffff 64bit pref]
May 09 15:23:22 archlinux kernel: pci_bus 0000:05: resource 0 [io  0x4000-0x5fff]
May 09 15:23:22 archlinux kernel: pci_bus 0000:05: resource 1 [mem 0x90000000-0xbe0fffff]
May 09 15:23:22 archlinux kernel: pci_bus 0000:05: resource 2 [mem 0x4000000000-0x4049ffffff 64bit pref]
May 09 15:23:22 archlinux kernel: pci_bus 0000:06: resource 1 [mem 0xbe000000-0xbe0fffff]
May 09 15:23:22 archlinux kernel: pci_bus 0000:07: resource 0 [io  0x4000-0x4fff]
May 09 15:23:22 archlinux kernel: pci_bus 0000:07: resource 1 [mem 0x90000000-0xa7efffff]
May 09 15:23:22 archlinux kernel: pci_bus 0000:07: resource 2 [mem 0x4000000000-0x401fffffff 64bit pref]
May 09 15:23:22 archlinux kernel: pci_bus 0000:3a: resource 1 [mem 0xa7f00000-0xa7ffffff]
May 09 15:23:22 archlinux kernel: pci_bus 0000:3b: resource 0 [io  0x5000-0x5fff]
May 09 15:23:22 archlinux kernel: pci_bus 0000:3b: resource 1 [mem 0xa8000000-0xbdffffff]
May 09 15:23:22 archlinux kernel: pci_bus 0000:3b: resource 2 [mem 0x4020000000-0x4049ffffff 64bit pref]
May 09 15:23:22 archlinux kernel: pci_bus 0000:71: resource 1 [mem 0xc1100000-0xc11fffff]
May 09 15:23:22 archlinux kernel: pci 0000:01:00.1: extending delay after power-on from D3hot to 20 msec
May 09 15:23:22 archlinux kernel: pci 0000:01:00.1: D0 power state depends on 0000:01:00.0
May 09 15:23:22 archlinux kernel: PCI: CLS 128 bytes, default 64
May 09 15:23:22 archlinux kernel: PCI-DMA: Using software bounce buffering for IO (SWIOTLB)
May 09 15:23:22 archlinux kernel: software IO TLB: mapped [mem 0x0000000035109000-0x0000000039109000] (64MB)
May 09 15:23:22 archlinux kernel: Trying to unpack rootfs image as initramfs...
May 09 15:23:22 archlinux kernel: Initialise system trusted keyrings
May 09 15:23:22 archlinux kernel: Key type blacklist registered
May 09 15:23:22 archlinux kernel: workingset: timestamp_bits=41 max_order=23 bucket_order=0
May 09 15:23:22 archlinux kernel: zbud: loaded
May 09 15:23:22 archlinux kernel: zsmalloc: debugfs not available, stat dir not created
May 09 15:23:22 archlinux kernel: fuse: init (API version 7.39)
May 09 15:23:22 archlinux kernel: integrity: Platform Keyring initialized
May 09 15:23:22 archlinux kernel: integrity: Machine keyring initialized
May 09 15:23:22 archlinux kernel: Key type asymmetric registered
May 09 15:23:22 archlinux kernel: Asymmetric key parser 'x509' registered
May 09 15:23:22 archlinux kernel: Block layer SCSI generic (bsg) driver version 0.4 loaded (major 247)
May 09 15:23:22 archlinux kernel: io scheduler mq-deadline registered
May 09 15:23:22 archlinux kernel: io scheduler kyber registered
May 09 15:23:22 archlinux kernel: io scheduler bfq registered
May 09 15:23:22 archlinux kernel: atomic64_test: passed for x86-64 platform with CX8 and with SSE
May 09 15:23:22 archlinux kernel: pcieport 0000:00:01.0: PME: Signaling with IRQ 120
May 09 15:23:22 archlinux kernel: pcieport 0000:00:1b.0: PME: Signaling with IRQ 121
May 09 15:23:22 archlinux kernel: pcieport 0000:00:1b.4: PME: Signaling with IRQ 122
May 09 15:23:22 archlinux kernel: pcieport 0000:00:1b.4: pciehp: Slot #20 AttnBtn- PwrCtrl- MRL- AttnInd- PwrInd- HotPlug+ Surprise+ Interlock- NoCompl+ IbPresDis- LLActRep+
May 09 15:23:22 archlinux kernel: pcieport 0000:00:1d.0: PME: Signaling with IRQ 123
May 09 15:23:22 archlinux kernel: pcieport 0000:05:01.0: pciehp: Slot #1 AttnBtn- PwrCtrl- MRL- AttnInd- PwrInd- HotPlug+ Surprise+ Interlock- NoCompl+ IbPresDis- LLActRep+
May 09 15:23:22 archlinux kernel: pcieport 0000:05:04.0: pciehp: Slot #4 AttnBtn- PwrCtrl- MRL- AttnInd- PwrInd- HotPlug+ Surprise+ Interlock- NoCompl+ IbPresDis- LLActRep+
May 09 15:23:22 archlinux kernel: shpchp: Standard Hot Plug PCI Controller Driver version: 0.4
May 09 15:23:22 archlinux kernel: input: Sleep Button as /devices/LNXSYSTM:00/LNXSYBUS:00/PNP0C0E:00/input/input0
May 09 15:23:22 archlinux kernel: ACPI: button: Sleep Button [SLPB]
May 09 15:23:22 archlinux kernel: input: Lid Switch as /devices/LNXSYSTM:00/LNXSYBUS:00/PNP0C0D:00/input/input1
May 09 15:23:22 archlinux kernel: ACPI: button: Lid Switch [LID]
May 09 15:23:22 archlinux kernel: input: Power Button as /devices/LNXSYSTM:00/LNXPWRBN:00/input/input2
May 09 15:23:22 archlinux kernel: ACPI: button: Power Button [PWRF]
May 09 15:23:22 archlinux kernel: thermal LNXTHERM:00: registered as thermal_zone0
May 09 15:23:22 archlinux kernel: ACPI: thermal: Thermal Zone [THM0] (60 C)
May 09 15:23:22 archlinux kernel: Serial: 8250/16550 driver, 32 ports, IRQ sharing enabled
May 09 15:23:22 archlinux kernel: hpet_acpi_add: no address or irqs in _CRS
May 09 15:23:22 archlinux kernel: Linux agpgart interface v0.103
May 09 15:23:22 archlinux kernel: tpm_tis STM7304:00: 2.0 TPM (device-id 0x0, rev-id 78)
May 09 15:23:22 archlinux kernel: ACPI: bus type drm_connector registered
May 09 15:23:22 archlinux kernel: usbcore: registered new interface driver usbserial_generic
May 09 15:23:22 archlinux kernel: usbserial: USB Serial support registered for generic
May 09 15:23:22 archlinux kernel: rtc_cmos 00:04: RTC can wake from S4
May 09 15:23:22 archlinux kernel: rtc_cmos 00:04: registered as rtc0
May 09 15:23:22 archlinux kernel: rtc_cmos 00:04: setting system clock to 2024-05-09T14:23:22 UTC (1715264602)
May 09 15:23:22 archlinux kernel: rtc_cmos 00:04: alarms up to one month, y3k, 242 bytes nvram
May 09 15:23:22 archlinux kernel: intel_pstate: Intel P-state driver initializing
May 09 15:23:22 archlinux kernel: intel_pstate: Disabling energy efficiency optimization
May 09 15:23:22 archlinux kernel: intel_pstate: HWP enabled
May 09 15:23:22 archlinux kernel: ledtrig-cpu: registered to indicate activity on CPUs
May 09 15:23:22 archlinux kernel: [drm] Initialized simpledrm 1.0.0 20200625 for simple-framebuffer.0 on minor 0
May 09 15:23:22 archlinux kernel: fbcon: Deferring console take-over
May 09 15:23:22 archlinux kernel: simple-framebuffer simple-framebuffer.0: [drm] fb0: simpledrmdrmfb frame buffer device
May 09 15:23:22 archlinux kernel: hid: raw HID events driver (C) Jiri Kosina
May 09 15:23:22 archlinux kernel: drop_monitor: Initializing network drop monitor service
May 09 15:23:22 archlinux kernel: NET: Registered PF_INET6 protocol family
May 09 15:23:22 archlinux kernel: Freeing initrd memory: 70788K
May 09 15:23:22 archlinux kernel: Segment Routing with IPv6
May 09 15:23:22 archlinux kernel: RPL Segment Routing with IPv6
May 09 15:23:22 archlinux kernel: In-situ OAM (IOAM) with IPv6
May 09 15:23:22 archlinux kernel: NET: Registered PF_PACKET protocol family
May 09 15:23:22 archlinux kernel: ENERGY_PERF_BIAS: Set to 'normal', was 'performance'
May 09 15:23:22 archlinux kernel: microcode: Current revision: 0x000000f6
May 09 15:23:22 archlinux kernel: microcode: Updated early from: 0x000000f4
May 09 15:23:22 archlinux kernel: IPI shorthand broadcast: enabled
May 09 15:23:22 archlinux kernel: sched_clock: Marking stable (3853334513, 9335786)->(3924519796, -61849497)
May 09 15:23:22 archlinux kernel: registered taskstats version 1
May 09 15:23:22 archlinux kernel: Loading compiled-in X.509 certificates
May 09 15:23:22 archlinux kernel: Loaded X.509 cert 'Build time autogenerated kernel key: 7bcef343f86e5fccafe21fcf64d1f92544681949'
May 09 15:23:22 archlinux kernel: zsmalloc: no root stat dir, not creating <zswap1> stat dir
May 09 15:23:22 archlinux kernel: zsmalloc: no root stat dir, not creating <zswap2> stat dir
May 09 15:23:22 archlinux kernel: zsmalloc: no root stat dir, not creating <zswap3> stat dir
May 09 15:23:22 archlinux kernel: zsmalloc: no root stat dir, not creating <zswap4> stat dir
May 09 15:23:22 archlinux kernel: zsmalloc: no root stat dir, not creating <zswap5> stat dir
May 09 15:23:22 archlinux kernel: zsmalloc: no root stat dir, not creating <zswap6> stat dir
May 09 15:23:22 archlinux kernel: zsmalloc: no root stat dir, not creating <zswap7> stat dir
May 09 15:23:22 archlinux kernel: zsmalloc: no root stat dir, not creating <zswap8> stat dir
May 09 15:23:22 archlinux kernel: zsmalloc: no root stat dir, not creating <zswap9> stat dir
May 09 15:23:22 archlinux kernel: zsmalloc: no root stat dir, not creating <zswapa> stat dir
May 09 15:23:22 archlinux kernel: zsmalloc: no root stat dir, not creating <zswapb> stat dir
May 09 15:23:22 archlinux kernel: zsmalloc: no root stat dir, not creating <zswapc> stat dir
May 09 15:23:22 archlinux kernel: zsmalloc: no root stat dir, not creating <zswapd> stat dir
May 09 15:23:22 archlinux kernel: zsmalloc: no root stat dir, not creating <zswape> stat dir
May 09 15:23:22 archlinux kernel: zsmalloc: no root stat dir, not creating <zswapf> stat dir
May 09 15:23:22 archlinux kernel: zsmalloc: no root stat dir, not creating <zswap10> stat dir
May 09 15:23:22 archlinux kernel: zsmalloc: no root stat dir, not creating <zswap11> stat dir
May 09 15:23:22 archlinux kernel: zsmalloc: no root stat dir, not creating <zswap12> stat dir
May 09 15:23:22 archlinux kernel: zsmalloc: no root stat dir, not creating <zswap13> stat dir
May 09 15:23:22 archlinux kernel: zsmalloc: no root stat dir, not creating <zswap14> stat dir
May 09 15:23:22 archlinux kernel: zsmalloc: no root stat dir, not creating <zswap15> stat dir
May 09 15:23:22 archlinux kernel: zsmalloc: no root stat dir, not creating <zswap16> stat dir
May 09 15:23:22 archlinux kernel: zsmalloc: no root stat dir, not creating <zswap17> stat dir
May 09 15:23:22 archlinux kernel: zsmalloc: no root stat dir, not creating <zswap18> stat dir
May 09 15:23:22 archlinux kernel: zsmalloc: no root stat dir, not creating <zswap19> stat dir
May 09 15:23:22 archlinux kernel: zsmalloc: no root stat dir, not creating <zswap1a> stat dir
May 09 15:23:22 archlinux kernel: zsmalloc: no root stat dir, not creating <zswap1b> stat dir
May 09 15:23:22 archlinux kernel: zsmalloc: no root stat dir, not creating <zswap1c> stat dir
May 09 15:23:22 archlinux kernel: zsmalloc: no root stat dir, not creating <zswap1d> stat dir
May 09 15:23:22 archlinux kernel: zsmalloc: no root stat dir, not creating <zswap1e> stat dir
May 09 15:23:22 archlinux kernel: zsmalloc: no root stat dir, not creating <zswap1f> stat dir
May 09 15:23:22 archlinux kernel: zsmalloc: no root stat dir, not creating <zswap20> stat dir
May 09 15:23:22 archlinux kernel: zswap: loaded using pool zstd/zsmalloc
May 09 15:23:22 archlinux kernel: zswap: debugfs initialization failed
May 09 15:23:22 archlinux kernel: Key type .fscrypt registered
May 09 15:23:22 archlinux kernel: Key type fscrypt-provisioning registered
May 09 15:23:22 archlinux kernel: integrity: Loading X.509 certificate: UEFI:db
May 09 15:23:22 archlinux kernel: integrity: Loaded X.509 cert 'Lenovo Ltd.: ThinkPad Product CA 2012: 838b1f54c1550463f45f98700640f11069265949'
May 09 15:23:22 archlinux kernel: integrity: Loading X.509 certificate: UEFI:db
May 09 15:23:22 archlinux kernel: integrity: Loaded X.509 cert 'Lenovo UEFI CA 2014: 4b91a68732eaefdd2c8ffffc6b027ec3449e9c8f'
May 09 15:23:22 archlinux kernel: integrity: Loading X.509 certificate: UEFI:db
May 09 15:23:22 archlinux kernel: integrity: Loaded X.509 cert 'Microsoft Corporation UEFI CA 2011: 13adbf4309bd82709c8cd54f316ed522988a1bd4'
May 09 15:23:22 archlinux kernel: integrity: Loading X.509 certificate: UEFI:db
May 09 15:23:22 archlinux kernel: integrity: Loaded X.509 cert 'Microsoft Windows Production PCA 2011: a92902398e16c49778cd90f99e4f9ae17c55af53'
May 09 15:23:22 archlinux kernel: PM:   Magic number: 8:975:383
May 09 15:23:22 archlinux kernel: hid_bpf: error while preloading HID BPF dispatcher: -22
May 09 15:23:22 archlinux kernel: RAS: Correctable Errors collector initialized.
May 09 15:23:22 archlinux kernel: clk: Disabling unused clocks
May 09 15:23:22 archlinux kernel: Freeing unused decrypted memory: 2028K
May 09 15:23:22 archlinux kernel: Freeing unused kernel image (initmem) memory: 3932K
May 09 15:23:22 archlinux kernel: Write protecting the kernel read-only data: 24576k
May 09 15:23:22 archlinux kernel: Freeing unused kernel image (rodata/data gap) memory: 568K
May 09 15:23:22 archlinux kernel: x86/mm: Checked W+X mappings: passed, no W+X pages found.
May 09 15:23:22 archlinux kernel: rodata_test: all tests were successful
May 09 15:23:22 archlinux kernel: x86/mm: Checking user space page tables
May 09 15:23:22 archlinux kernel: x86/mm: Checked W+X mappings: passed, no W+X pages found.
May 09 15:23:22 archlinux kernel: Run /init as init process
May 09 15:23:22 archlinux kernel:   with arguments:
May 09 15:23:22 archlinux kernel:     /init
May 09 15:23:22 archlinux kernel:   with environment:
May 09 15:23:22 archlinux kernel:     HOME=/
May 09 15:23:22 archlinux kernel:     TERM=linux
May 09 15:23:22 archlinux kernel:     BOOT_IMAGE=/vmlinuz-linux-hardened
May 09 15:23:22 archlinux systemd[1]: systemd 255.5-4-arch running in system mode (+PAM +AUDIT -SELINUX -APPARMOR -IMA +SMACK +SECCOMP +GCRYPT +GNUTLS +OPENSSL +ACL +BLKID +CURL +ELFUTILS +FIDO2 +IDN2 -IDN +IPTC +KMOD +LIBCRYPTSETUP +LIBFDISK +PCRE2 +PWQUALITY +P11KIT +QRENCODE +TPM2 +BZIP2 +LZ4 +XZ +ZLIB +ZSTD +BPF_FRAMEWORK +XKBCOMMON +UTMP -SYSVINIT default-hierarchy=unified)
May 09 15:23:22 archlinux systemd[1]: Detected architecture x86-64.
May 09 15:23:22 archlinux systemd[1]: Running in initrd.
May 09 15:23:22 archlinux systemd[1]: Initializing machine ID from random generator.
May 09 15:23:22 archlinux systemd[1]: Queued start job for default target Initrd Default Target.
May 09 15:23:22 archlinux systemd[1]: Created slice Slice /system/systemd-cryptsetup.
May 09 15:23:22 archlinux systemd[1]: Started Dispatch Password Requests to Console Directory Watch.
May 09 15:23:22 archlinux systemd[1]: Expecting device /dev/disk/by-uuid/9f885d4c-2495-4e08-a67f-f61bcb0d381b...
May 09 15:23:22 archlinux systemd[1]: Expecting device /dev/mapper/cryptroot...
May 09 15:23:22 archlinux systemd[1]: Reached target Path Units.
May 09 15:23:22 archlinux systemd[1]: Reached target Slice Units.
May 09 15:23:22 archlinux systemd[1]: Reached target Swaps.
May 09 15:23:22 archlinux systemd[1]: Reached target Timer Units.
May 09 15:23:22 archlinux systemd[1]: Listening on Journal Socket (/dev/log).
May 09 15:23:22 archlinux systemd[1]: Listening on Journal Socket.
May 09 15:23:22 archlinux systemd[1]: Listening on udev Control Socket.
May 09 15:23:22 archlinux systemd[1]: Listening on udev Kernel Socket.
May 09 15:23:22 archlinux systemd[1]: Reached target Socket Units.
May 09 15:23:22 archlinux systemd[1]: Starting Create List of Static Device Nodes...
May 09 15:23:22 archlinux systemd[1]: Check battery level during early boot was skipped because of an unmet condition check (ConditionDirectoryNotEmpty=/sys/class/power_supply).
May 09 15:23:22 archlinux systemd[1]: Started Displays emergency message in full screen..
May 09 15:23:22 archlinux systemd[1]: Starting Journal Service...
May 09 15:23:22 archlinux systemd[1]: Starting Load Kernel Modules...
May 09 15:23:22 archlinux systemd[1]: TPM2 PCR Barrier (initrd) was skipped because of an unmet condition check (ConditionSecurity=measured-uki).
May 09 15:23:22 archlinux systemd[1]: Starting Create Static Device Nodes in /dev...
May 09 15:23:22 archlinux systemd[1]: Starting Coldplug All udev Devices...
May 09 15:23:22 archlinux systemd[1]: Finished Create List of Static Device Nodes.
May 09 15:23:22 archlinux systemd[1]: Finished Load Kernel Modules.
May 09 15:23:22 archlinux systemd[1]: Finished Create Static Device Nodes in /dev.
May 09 15:23:22 archlinux systemd[1]: Reached target Preparation for Local File Systems.
May 09 15:23:22 archlinux systemd[1]: Reached target Local File Systems.
May 09 15:23:22 archlinux systemd[1]: Starting Rule-based Manager for Device Events and Files...
May 09 15:23:22 archlinux systemd-journald[154]: Collecting audit messages is disabled.
May 09 15:23:22 archlinux systemd[1]: Started Rule-based Manager for Device Events and Files.
May 09 15:23:22 archlinux systemd[1]: Started Journal Service.
May 09 15:23:22 archlinux kernel: i8042: PNP: PS/2 Controller [PNP0303:KBD,PNP0f13:MOU] at 0x60,0x64 irq 1,12
May 09 15:23:22 archlinux kernel: serio: i8042 KBD port at 0x60,0x64 irq 1
May 09 15:23:22 archlinux kernel: serio: i8042 AUX port at 0x60,0x64 irq 12
May 09 15:23:22 archlinux kernel: xhci_hcd 0000:00:14.0: xHCI Host Controller
May 09 15:23:22 archlinux kernel: xhci_hcd 0000:00:14.0: new USB bus registered, assigned bus number 1
May 09 15:23:22 archlinux kernel: xhci_hcd 0000:00:14.0: hcc params 0x200077c1 hci version 0x110 quirks 0x0000000000009810
May 09 15:23:22 archlinux kernel: xhci_hcd 0000:00:14.0: xHCI Host Controller
May 09 15:23:22 archlinux kernel: xhci_hcd 0000:00:14.0: new USB bus registered, assigned bus number 2
May 09 15:23:22 archlinux kernel: xhci_hcd 0000:00:14.0: Host supports USB 3.1 Enhanced SuperSpeed
May 09 15:23:22 archlinux kernel: usb usb1: New USB device found, idVendor=1d6b, idProduct=0002, bcdDevice= 6.08
May 09 15:23:22 archlinux kernel: usb usb1: New USB device strings: Mfr=3, Product=2, SerialNumber=1
May 09 15:23:22 archlinux kernel: usb usb1: Product: xHCI Host Controller
May 09 15:23:22 archlinux kernel: usb usb1: Manufacturer: Linux 6.8.9-hardened1-1-hardened xhci-hcd
May 09 15:23:22 archlinux kernel: usb usb1: SerialNumber: 0000:00:14.0
May 09 15:23:22 archlinux kernel: hub 1-0:1.0: USB hub found
May 09 15:23:22 archlinux kernel: hub 1-0:1.0: 16 ports detected
May 09 15:23:22 archlinux kernel: usb usb2: New USB device found, idVendor=1d6b, idProduct=0003, bcdDevice= 6.08
May 09 15:23:23 archlinux kernel: usb usb2: New USB device strings: Mfr=3, Product=2, SerialNumber=1
May 09 15:23:23 archlinux kernel: usb usb2: Product: xHCI Host Controller
May 09 15:23:23 archlinux kernel: usb usb2: Manufacturer: Linux 6.8.9-hardened1-1-hardened xhci-hcd
May 09 15:23:23 archlinux kernel: usb usb2: SerialNumber: 0000:00:14.0
May 09 15:23:23 archlinux kernel: hub 2-0:1.0: USB hub found
May 09 15:23:23 archlinux kernel: hub 2-0:1.0: 10 ports detected
May 09 15:23:23 archlinux kernel: cec: Failed to create debugfs cec dir
May 09 15:23:23 archlinux kernel: xhci_hcd 0000:3a:00.0: xHCI Host Controller
May 09 15:23:23 archlinux kernel: xhci_hcd 0000:3a:00.0: new USB bus registered, assigned bus number 3
May 09 15:23:23 archlinux kernel: cryptd: max_cpu_qlen set to 1000
May 09 15:23:23 archlinux kernel: xhci_hcd 0000:3a:00.0: hcc params 0x200077c1 hci version 0x110 quirks 0x0000000200009810
May 09 15:23:23 archlinux kernel: xhci_hcd 0000:3a:00.0: xHCI Host Controller
May 09 15:23:23 archlinux kernel: xhci_hcd 0000:3a:00.0: new USB bus registered, assigned bus number 4
May 09 15:23:23 archlinux kernel: xhci_hcd 0000:3a:00.0: Host supports USB 3.1 Enhanced SuperSpeed
May 09 15:23:23 archlinux kernel: usb usb3: New USB device found, idVendor=1d6b, idProduct=0002, bcdDevice= 6.08
May 09 15:23:23 archlinux kernel: usb usb3: New USB device strings: Mfr=3, Product=2, SerialNumber=1
May 09 15:23:23 archlinux kernel: usb usb3: Product: xHCI Host Controller
May 09 15:23:23 archlinux kernel: usb usb3: Manufacturer: Linux 6.8.9-hardened1-1-hardened xhci-hcd
May 09 15:23:23 archlinux kernel: usb usb3: SerialNumber: 0000:3a:00.0
May 09 15:23:23 archlinux kernel: hub 3-0:1.0: USB hub found
May 09 15:23:23 archlinux kernel: hub 3-0:1.0: 2 ports detected
May 09 15:23:23 archlinux kernel: nvme nvme1: pci function 0000:71:00.0
May 09 15:23:23 archlinux kernel: nvme nvme0: pci function 0000:02:00.0
May 09 15:23:23 archlinux kernel: usb usb4: New USB device found, idVendor=1d6b, idProduct=0003, bcdDevice= 6.08
May 09 15:23:23 archlinux kernel: usb usb4: New USB device strings: Mfr=3, Product=2, SerialNumber=1
May 09 15:23:23 archlinux kernel: usb usb4: Product: xHCI Host Controller
May 09 15:23:23 archlinux kernel: usb usb4: Manufacturer: Linux 6.8.9-hardened1-1-hardened xhci-hcd
May 09 15:23:23 archlinux kernel: usb usb4: SerialNumber: 0000:3a:00.0
May 09 15:23:23 archlinux kernel: hub 4-0:1.0: USB hub found
May 09 15:23:23 archlinux kernel: hub 4-0:1.0: 2 ports detected
May 09 15:23:23 archlinux kernel: nvme nvme0: missing or invalid SUBNQN field.
May 09 15:23:23 archlinux kernel: nvme nvme0: Shutdown timeout set to 8 seconds
May 09 15:23:23 archlinux kernel: nvme nvme1: Shutdown timeout set to 8 seconds
May 09 15:23:23 archlinux kernel: nvme nvme0: 12/0/0 default/read/poll queues
May 09 15:23:23 archlinux kernel: nvme nvme1: 12/0/0 default/read/poll queues
May 09 15:23:23 archlinux kernel:  nvme0n1: p1 p2 p3
May 09 15:23:23 archlinux kernel:  nvme1n1: p1 p2 p3 p4 p5
May 09 15:23:23 archlinux kernel: AVX2 version of gcm_enc/dec engaged.
May 09 15:23:23 archlinux kernel: AES CTR mode by8 optimization enabled
May 09 15:23:23 archlinux kernel: input: AT Translated Set 2 keyboard as /devices/platform/i8042/serio0/input/input3
May 09 15:23:23 archlinux kernel: usb 1-1: new full-speed USB device number 2 using xhci_hcd
May 09 15:23:23 archlinux kernel: usb 1-1: New USB device found, idVendor=046d, idProduct=c52b, bcdDevice=24.11
May 09 15:23:23 archlinux kernel: usb 1-1: New USB device strings: Mfr=1, Product=2, SerialNumber=0
May 09 15:23:23 archlinux kernel: usb 1-1: Product: USB Receiver
May 09 15:23:23 archlinux kernel: usb 1-1: Manufacturer: Logitech
May 09 15:23:23 archlinux kernel: ACPI Warning: \_SB.PCI0.PEG0.PEGP._DSM: Argument #4 type mismatch - Found [Buffer], ACPI requires [Package] (20230628/nsarguments-61)
May 09 15:23:23 archlinux kernel: pci 0000:01:00.0: optimus capabilities: enabled, status dynamic power, hda bios codec supported
May 09 15:23:23 archlinux kernel: VGA switcheroo: detected Optimus DSM method \_SB_.PCI0.PEG0.PEGP handle
May 09 15:23:23 archlinux kernel: nouveau: detected PR support, will not use DSM
May 09 15:23:23 archlinux kernel: nouveau 0000:01:00.0: enabling device (0006 -> 0007)
May 09 15:23:23 archlinux kernel: nouveau 0000:01:00.0: NVIDIA GP107 (137000a1)
May 09 15:23:23 archlinux kernel: device-mapper: uevent: version 1.0.3
May 09 15:23:23 archlinux kernel: device-mapper: ioctl: 4.48.0-ioctl (2023-03-01) initialised: dm-devel@redhat.com
May 09 15:23:23 archlinux kernel: nouveau 0000:01:00.0: bios: version 86.07.59.00.70
May 09 15:23:23 archlinux kernel: nouveau 0000:01:00.0: pmu: firmware unavailable
May 09 15:23:23 archlinux kernel: tsc: Refined TSC clocksource calibration: 2207.998 MHz
May 09 15:23:23 archlinux kernel: clocksource: tsc: mask: 0xffffffffffffffff max_cycles: 0x1fd3b6211b4, max_idle_ns: 440795230313 ns
May 09 15:23:23 archlinux kernel: clocksource: Switched to clocksource tsc
May 09 15:23:23 archlinux kernel: usb 4-1: new SuperSpeed Plus Gen 2x1 USB device number 2 using xhci_hcd
May 09 15:23:23 archlinux kernel: usb 4-1: New USB device found, idVendor=0bda, idProduct=0487, bcdDevice= 1.47
May 09 15:23:23 archlinux kernel: usb 4-1: New USB device strings: Mfr=1, Product=2, SerialNumber=0
May 09 15:23:23 archlinux kernel: usb 4-1: Product: Dell dock
May 09 15:23:23 archlinux kernel: usb 4-1: Manufacturer: Dell Inc.
May 09 15:23:23 archlinux kernel: hub 4-1:1.0: USB hub found
May 09 15:23:23 archlinux kernel: hub 4-1:1.0: 4 ports detected
May 09 15:23:23 archlinux kernel: nouveau 0000:01:00.0: fb: 4096 MiB GDDR5
May 09 15:23:23 archlinux kernel: usb 2-3: new SuperSpeed USB device number 2 using xhci_hcd
May 09 15:23:23 archlinux kernel: usb 2-3: New USB device found, idVendor=0bda, idProduct=0328, bcdDevice=29.08
May 09 15:23:23 archlinux kernel: usb 2-3: New USB device strings: Mfr=1, Product=2, SerialNumber=3
May 09 15:23:23 archlinux kernel: usb 2-3: Product: USB3.0-CRW
May 09 15:23:23 archlinux kernel: usb 2-3: Manufacturer: Generic
May 09 15:23:23 archlinux kernel: usb 2-3: SerialNumber: 28203008282014000
May 09 15:23:23 archlinux kernel: usb 1-4: new high-speed USB device number 3 using xhci_hcd
May 09 15:23:23 archlinux kernel: usb-storage 2-3:1.0: USB Mass Storage device detected
May 09 15:23:23 archlinux kernel: scsi host0: usb-storage 2-3:1.0
May 09 15:23:23 archlinux kernel: usbcore: registered new interface driver usb-storage
May 09 15:23:23 archlinux kernel: usbcore: registered new interface driver uas
May 09 15:23:23 archlinux kernel: usbcore: registered new interface driver usbhid
May 09 15:23:23 archlinux kernel: usbhid: USB HID core driver
May 09 15:23:23 archlinux kernel: input: Logitech USB Receiver as /devices/pci0000:00/0000:00:14.0/usb1/1-1/1-1:1.0/0003:046D:C52B.0001/input/input5
May 09 15:23:23 archlinux kernel: i915 0000:00:02.0: vgaarb: deactivate vga console
May 09 15:23:23 archlinux kernel: i915 0000:00:02.0: vgaarb: VGA decodes changed: olddecodes=io+mem,decodes=none:owns=io+mem
May 09 15:23:23 archlinux kernel: fbcon: Taking over console
May 09 15:23:23 archlinux kernel: i915 0000:00:02.0: [drm] Finished loading DMC firmware i915/kbl_dmc_ver1_04.bin (v1.4)
May 09 15:23:23 archlinux kernel: usb 4-1.3: new SuperSpeed USB device number 3 using xhci_hcd
May 09 15:23:23 archlinux kernel: hid-generic 0003:046D:C52B.0001: input,hidraw0: USB HID v1.11 Keyboard [Logitech USB Receiver] on usb-0000:00:14.0-1/input0
May 09 15:23:23 archlinux kernel: input: Logitech USB Receiver Mouse as /devices/pci0000:00/0000:00:14.0/usb1/1-1/1-1:1.1/0003:046D:C52B.0002/input/input6
May 09 15:23:23 archlinux kernel: input: Logitech USB Receiver Consumer Control as /devices/pci0000:00/0000:00:14.0/usb1/1-1/1-1:1.1/0003:046D:C52B.0002/input/input7
May 09 15:23:23 archlinux kernel: usb 1-4: New USB device found, idVendor=0bda, idProduct=5487, bcdDevice= 1.47
May 09 15:23:23 archlinux kernel: usb 1-4: New USB device strings: Mfr=1, Product=2, SerialNumber=0
May 09 15:23:23 archlinux kernel: usb 1-4: Product: Dell dock
May 09 15:23:23 archlinux kernel: usb 1-4: Manufacturer: Dell Inc.
May 09 15:23:23 archlinux kernel: hub 1-4:1.0: USB hub found
May 09 15:23:23 archlinux kernel: hub 1-4:1.0: 5 ports detected
May 09 15:23:23 archlinux kernel: usb 4-1.3: New USB device found, idVendor=0bda, idProduct=0413, bcdDevice= 1.21
May 09 15:23:23 archlinux kernel: usb 4-1.3: New USB device strings: Mfr=1, Product=2, SerialNumber=0
May 09 15:23:23 archlinux kernel: usb 4-1.3: Product: Dell dock
May 09 15:23:23 archlinux kernel: usb 4-1.3: Manufacturer: Dell Inc.
May 09 15:23:23 archlinux kernel: [drm] Initialized i915 1.6.0 20230929 for 0000:00:02.0 on minor 2
May 09 15:23:23 archlinux kernel: hub 4-1.3:1.0: USB hub found
May 09 15:23:23 archlinux kernel: ACPI: video: [Firmware Bug]: ACPI(PEGP) defines _DOD but not _DOS
May 09 15:23:23 archlinux kernel: ACPI: video: Video Device [PEGP] (multi-head: yes  rom: yes  post: no)
May 09 15:23:23 archlinux kernel: input: Video Bus as /devices/LNXSYSTM:00/LNXSYBUS:00/PNP0A08:00/device:00/LNXVIDEO:00/input/input10
May 09 15:23:23 archlinux kernel: hub 4-1.3:1.0: 4 ports detected
May 09 15:23:23 archlinux kernel: nouveau 0000:01:00.0: DRM: VRAM: 4096 MiB
May 09 15:23:23 archlinux kernel: nouveau 0000:01:00.0: DRM: GART: 536870912 MiB
May 09 15:23:23 archlinux kernel: nouveau 0000:01:00.0: DRM: BIT table 'A' not found
May 09 15:23:23 archlinux kernel: nouveau 0000:01:00.0: DRM: BIT table 'L' not found
May 09 15:23:23 archlinux kernel: nouveau 0000:01:00.0: DRM: TMDS table version 2.0
May 09 15:23:23 archlinux kernel: nouveau 0000:01:00.0: DRM: MM: using COPY for buffer copies
May 09 15:23:23 archlinux kernel: input: Logitech USB Receiver System Control as /devices/pci0000:00/0000:00:14.0/usb1/1-1/1-1:1.1/0003:046D:C52B.0002/input/input8
May 09 15:23:23 archlinux kernel: hid-generic 0003:046D:C52B.0002: input,hiddev96,hidraw1: USB HID v1.11 Mouse [Logitech USB Receiver] on usb-0000:00:14.0-1/input1
May 09 15:23:23 archlinux kernel: hid-generic 0003:046D:C52B.0003: hiddev97,hidraw2: USB HID v1.11 Device [Logitech USB Receiver] on usb-0000:00:14.0-1/input2
May 09 15:23:23 archlinux kernel: [drm] Initialized nouveau 1.4.0 20120801 for 0000:01:00.0 on minor 1
May 09 15:23:23 archlinux kernel: ACPI: video: Video Device [GFX0] (multi-head: yes  rom: no  post: no)
May 09 15:23:23 archlinux kernel: input: Video Bus as /devices/LNXSYSTM:00/LNXSYBUS:00/PNP0A08:00/LNXVIDEO:01/input/input11
May 09 15:23:23 archlinux kernel: i915 display info: display version: 9
May 09 15:23:23 archlinux kernel: i915 display info: cursor_needs_physical: no
May 09 15:23:23 archlinux kernel: i915 display info: has_cdclk_crawl: no
May 09 15:23:23 archlinux kernel: i915 display info: has_cdclk_squash: no
May 09 15:23:23 archlinux kernel: i915 display info: has_ddi: yes
May 09 15:23:23 archlinux kernel: i915 display info: has_dp_mst: yes
May 09 15:23:23 archlinux kernel: i915 display info: has_dsb: no
May 09 15:23:23 archlinux kernel: i915 display info: has_fpga_dbg: yes
May 09 15:23:23 archlinux kernel: i915 display info: has_gmch: no
May 09 15:23:23 archlinux kernel: i915 display info: has_hotplug: yes
May 09 15:23:23 archlinux kernel: i915 display info: has_hti: no
May 09 15:23:23 archlinux kernel: i915 display info: has_ipc: yes
May 09 15:23:23 archlinux kernel: i915 display info: has_overlay: no
May 09 15:23:23 archlinux kernel: i915 display info: has_psr: yes
May 09 15:23:23 archlinux kernel: i915 display info: has_psr_hw_tracking: yes
May 09 15:23:23 archlinux kernel: i915 display info: overlay_needs_physical: no
May 09 15:23:23 archlinux kernel: i915 display info: supports_tv: no
May 09 15:23:23 archlinux kernel: i915 display info: has_hdcp: yes
May 09 15:23:23 archlinux kernel: i915 display info: has_dmc: yes
May 09 15:23:23 archlinux kernel: i915 display info: has_dsc: no
May 09 15:23:23 archlinux kernel: vga_switcheroo: enabled
May 09 15:23:23 archlinux kernel: fbcon: i915drmfb (fb0) is primary device
May 09 15:23:23 archlinux kernel: nouveau 0000:01:00.0: [drm] Cannot find any crtc or sizes
May 09 15:23:23 archlinux kernel: nouveau 0000:01:00.0: DRM: Disabling PCI power management to avoid bug
May 09 15:23:23 archlinux kernel: Console: switching to colour frame buffer device 240x67
May 09 15:23:23 archlinux kernel: nouveau 0000:01:00.0: [drm] Cannot find any crtc or sizes
May 09 15:23:23 archlinux kernel: i915 0000:00:02.0: [drm] fb0: i915drmfb frame buffer device
May 09 15:23:23 archlinux kernel: nouveau 0000:01:00.0: [drm] Cannot find any crtc or sizes
May 09 15:23:23 archlinux kernel: nouveau 0000:01:00.0: [drm] Cannot find any crtc or sizes
May 09 15:23:23 archlinux kernel: usb 4-1.4: new SuperSpeed USB device number 4 using xhci_hcd
May 09 15:23:23 archlinux kernel: nouveau 0000:01:00.0: [drm] Cannot find any crtc or sizes
May 09 15:23:23 archlinux kernel: usb 4-1.4: New USB device found, idVendor=0bda, idProduct=8153, bcdDevice=31.11
May 09 15:23:23 archlinux kernel: usb 4-1.4: New USB device strings: Mfr=1, Product=2, SerialNumber=6
May 09 15:23:23 archlinux kernel: usb 4-1.4: Product: USB 10/100/1000 LAN
May 09 15:23:23 archlinux kernel: usb 4-1.4: Manufacturer: Realtek
May 09 15:23:23 archlinux kernel: usb 4-1.4: SerialNumber: 1113000001
May 09 15:23:23 archlinux kernel: usb 1-8: new high-speed USB device number 4 using xhci_hcd
May 09 15:23:24 archlinux kernel: usb 1-8: New USB device found, idVendor=5986, idProduct=2115, bcdDevice=54.20
May 09 15:23:24 archlinux kernel: usb 1-8: New USB device strings: Mfr=1, Product=2, SerialNumber=0
May 09 15:23:24 archlinux kernel: usb 1-8: Product: Integrated Camera
May 09 15:23:24 archlinux kernel: usb 1-8: Manufacturer: SunplusIT Inc
May 09 15:23:24 archlinux kernel: logitech-djreceiver 0003:046D:C52B.0003: hiddev96,hidraw0: USB HID v1.11 Device [Logitech USB Receiver] on usb-0000:00:14.0-1/input2
May 09 15:23:24 archlinux kernel: usb 1-4.3: new high-speed USB device number 5 using xhci_hcd
May 09 15:23:24 archlinux kernel: input: Logitech Wireless Device PID:407b Keyboard as /devices/pci0000:00/0000:00:14.0/usb1/1-1/1-1:1.2/0003:046D:C52B.0003/0003:046D:407B.0004/input/input12
May 09 15:23:24 archlinux kernel: input: Logitech Wireless Device PID:407b Mouse as /devices/pci0000:00/0000:00:14.0/usb1/1-1/1-1:1.2/0003:046D:C52B.0003/0003:046D:407B.0004/input/input13
May 09 15:23:24 archlinux kernel: hid-generic 0003:046D:407B.0004: input,hidraw1: USB HID v1.11 Keyboard [Logitech Wireless Device PID:407b] on usb-0000:00:14.0-1/input2:1
May 09 15:23:24 archlinux kernel: usb 1-4.3: New USB device found, idVendor=0bda, idProduct=5413, bcdDevice= 1.21
May 09 15:23:24 archlinux kernel: usb 1-4.3: New USB device strings: Mfr=1, Product=2, SerialNumber=0
May 09 15:23:24 archlinux kernel: usb 1-4.3: Product: Dell dock
May 09 15:23:24 archlinux kernel: usb 1-4.3: Manufacturer: Dell Inc.
May 09 15:23:24 archlinux kernel: hub 1-4.3:1.0: USB hub found
May 09 15:23:24 archlinux kernel: hub 1-4.3:1.0: 6 ports detected
May 09 15:23:24 archlinux kernel: usb 1-9: new full-speed USB device number 6 using xhci_hcd
May 09 15:23:24 archlinux kernel: input: Logitech MX Vertical as /devices/pci0000:00/0000:00:14.0/usb1/1-1/1-1:1.2/0003:046D:C52B.0003/0003:046D:407B.0004/input/input17
May 09 15:23:24 archlinux kernel: logitech-hidpp-device 0003:046D:407B.0004: input,hidraw1: USB HID v1.11 Keyboard [Logitech MX Vertical] on usb-0000:00:14.0-1/input2:1
May 09 15:23:24 archlinux kernel: nouveau 0000:01:00.0: [drm] fb1: nouveaudrmfb frame buffer device
May 09 15:23:24 archlinux kernel: usb 1-9: New USB device found, idVendor=06cb, idProduct=009a, bcdDevice= 1.64
May 09 15:23:24 archlinux kernel: usb 1-9: New USB device strings: Mfr=0, Product=0, SerialNumber=1
May 09 15:23:24 archlinux kernel: usb 1-9: SerialNumber: 0743b48676ef
May 09 15:23:24 archlinux kernel: usb 1-4.5: new high-speed USB device number 7 using xhci_hcd
May 09 15:23:24 archlinux kernel: usb 1-4.5: New USB device found, idVendor=413c, idProduct=b06e, bcdDevice= 1.01
May 09 15:23:24 archlinux kernel: usb 1-4.5: New USB device strings: Mfr=0, Product=1, SerialNumber=0
May 09 15:23:24 archlinux kernel: usb 1-4.5: Product: Dell dock
May 09 15:23:24 archlinux kernel: hid-generic 0003:413C:B06E.0005: hiddev97,hidraw2: USB HID v1.11 Device [Dell dock] on usb-0000:00:14.0-4.5/input0
May 09 15:23:24 archlinux kernel: scsi 0:0:0:0: Direct-Access     Generic- SD/MMC CRW       1.00 PQ: 0 ANSI: 6
May 09 15:23:24 archlinux kernel: sd 0:0:0:0: [sda] Media removed, stopped polling
May 09 15:23:24 archlinux kernel: sd 0:0:0:0: [sda] Attached SCSI removable disk
May 09 15:23:24 archlinux kernel: usb 1-4.3.5: new high-speed USB device number 8 using xhci_hcd
May 09 15:23:24 archlinux kernel: usb 1-4.3.5: New USB device found, idVendor=413c, idProduct=b06f, bcdDevice= 1.01
May 09 15:23:24 archlinux kernel: usb 1-4.3.5: New USB device strings: Mfr=0, Product=1, SerialNumber=0
May 09 15:23:24 archlinux kernel: usb 1-4.3.5: Product: Dell dock
May 09 15:23:24 archlinux kernel: hid-generic 0003:413C:B06F.0006: hiddev98,hidraw3: USB HID v1.11 Device [Dell dock] on usb-0000:00:14.0-4.3.5/input0
May 09 15:23:25 archlinux kernel: usb 1-14: new full-speed USB device number 9 using xhci_hcd
May 09 15:23:25 archlinux kernel: usb 1-14: New USB device found, idVendor=8087, idProduct=0aaa, bcdDevice= 0.02
May 09 15:23:25 archlinux kernel: usb 1-14: New USB device strings: Mfr=0, Product=0, SerialNumber=0
May 09 15:23:30 archlinux kernel: Key type trusted registered
May 09 15:23:31 archlinux kernel: Key type encrypted registered
May 09 15:23:31 archlinux kernel: EXT4-fs (dm-0): mounted filesystem 2c91f35a-076b-445b-8635-432d8a2c202e r/w with ordered data mode. Quota mode: none.
May 09 15:23:22 archlinux kernel: Linux version 6.8.9-hardened1-1-hardened (linux-hardened@archlinux) (gcc (GCC) 13.2.1 20240417, GNU ld (GNU Binutils) 2.42.0) #1 SMP PREEMPT_DYNAMIC Thu, 02 May 2024 21:41:31 +0000
May 09 15:23:22 archlinux kernel: Command line: pti=on page_alloc.shuffle=1 initrd=intel-ucode.img initrd=initramfs-linux-hardened.img BOOT_IMAGE=/vmlinuz-linux-hardened root=UUID=2c91f35a-076b-445b-8635-432d8a2c202e rw rd.luks.name=9f885d4c-2495-4e08-a67f-f61bcb0d381b=cryptroot rd.luks.options=password-echo=no root=/dev/mapper/cryptroot loglevel=3 quiet
May 09 15:23:22 archlinux kernel: BIOS-provided physical RAM map:
May 09 15:23:22 archlinux kernel: BIOS-e820: [mem 0x0000000000000000-0x0000000000000fff] reserved
May 09 15:23:22 archlinux kernel: BIOS-e820: [mem 0x0000000000001000-0x0000000000001fff] usable
May 09 15:23:22 archlinux kernel: BIOS-e820: [mem 0x0000000000002000-0x000000000000bfff] reserved
May 09 15:23:22 archlinux kernel: BIOS-e820: [mem 0x000000000000c000-0x000000000003efff] usable
May 09 15:23:22 archlinux kernel: BIOS-e820: [mem 0x000000000003f000-0x0000000000086fff] reserved
May 09 15:23:22 archlinux kernel: BIOS-e820: [mem 0x0000000000087000-0x0000000000088fff] usable
May 09 15:23:22 archlinux kernel: BIOS-e820: [mem 0x0000000000089000-0x000000000010ffff] reserved
May 09 15:23:22 archlinux kernel: BIOS-e820: [mem 0x0000000000110000-0x0000000046decfff] usable
May 09 15:23:22 archlinux kernel: BIOS-e820: [mem 0x0000000046ded000-0x0000000057f5efff] reserved
May 09 15:23:22 archlinux kernel: BIOS-e820: [mem 0x0000000057f5f000-0x0000000058da0fff] ACPI NVS
May 09 15:23:22 archlinux kernel: BIOS-e820: [mem 0x0000000058da1000-0x0000000058e0efff] ACPI data
May 09 15:23:22 archlinux kernel: BIOS-e820: [mem 0x0000000058e0f000-0x0000000058e0ffff] usable
May 09 15:23:22 archlinux kernel: BIOS-e820: [mem 0x0000000058e10000-0x000000005f7fffff] reserved
May 09 15:23:22 archlinux kernel: BIOS-e820: [mem 0x00000000fe010000-0x00000000fe010fff] reserved
May 09 15:23:22 archlinux kernel: BIOS-e820: [mem 0x0000000100000000-0x000000089e7fffff] usable
May 09 15:23:22 archlinux kernel: NX (Execute Disable) protection: active
May 09 15:23:22 archlinux kernel: APIC: Static calls initialized
